#
# There is insufficient memory for the Java Runtime Environment to continue.
# Native memory allocation (malloc) failed to allocate 1808656 bytes for Chunk::new
# Possible reasons:
#   The system is out of physical RAM or swap space
#   The process is running with CompressedOops enabled, and the Java Heap may be blocking the growth of the native heap
# Possible solutions:
#   Reduce memory load on the system
#   Increase physical memory or swap space
#   Check if swap backing store is full
#   Decrease Java heap size (-Xmx/-Xms)
#   Decrease number of Java threads
#   Decrease Java thread stack sizes (-Xss)
#   Set larger code cache with -XX:ReservedCodeCacheSize=
#   JVM is running with Unscaled Compressed Oops mode in which the Java heap is
#     placed in the first 4GB address space. The Java Heap base address is the
#     maximum limit for the native heap growth. Please use -XX:HeapBaseMinAddress
#     to set the Java Heap base and to place the Java Heap above 4GB virtual address.
# This output file may be truncated or incomplete.
#
#  Out of Memory Error (arena.cpp:168), pid=2316, tid=13604
#
# JRE version: OpenJDK Runtime Environment (21.0.1+12) (build 21.0.1+12-29)
# Java VM: OpenJDK 64-Bit Server VM (21.0.1+12-29, mixed mode, sharing, tiered, compressed oops, compressed class ptrs, g1 gc, windows-amd64)
# No core dump will be written. Minidumps are not enabled by default on client versions of Windows
#

---------------  S U M M A R Y ------------

Command Line: --add-opens=java.base/java.lang=ALL-UNNAMED --add-opens=java.base/java.lang.invoke=ALL-UNNAMED --add-opens=java.base/java.util=ALL-UNNAMED --add-opens=java.prefs/java.util.prefs=ALL-UNNAMED --add-exports=jdk.compiler/com.sun.tools.javac.api=ALL-UNNAMED --add-exports=jdk.compiler/com.sun.tools.javac.util=ALL-UNNAMED --add-opens=java.base/java.util=ALL-UNNAMED --add-opens=java.prefs/java.util.prefs=ALL-UNNAMED --add-opens=java.base/java.nio.charset=ALL-UNNAMED --add-opens=java.base/java.net=ALL-UNNAMED --add-opens=java.base/java.util.concurrent.atomic=ALL-UNNAMED --add-opens=java.xml/javax.xml.namespace=ALL-UNNAMED -XX:MaxMetaspaceSize=384m -XX:+HeapDumpOnOutOfMemoryError -Xms256m -Xmx512m -Dfile.encoding=UTF-8 -Duser.country=KR -Duser.language=ko -Duser.variant -javaagent:C:\Users\jy829\.gradle\wrapper\dists\gradle-8.14.3-bin\cv11ve7ro1n3o1j4so8xd9n66\gradle-8.14.3\lib\agents\gradle-instrumentation-agent-8.14.3.jar org.gradle.launcher.daemon.bootstrap.GradleDaemon 8.14.3

Host: 12th Gen Intel(R) Core(TM) i7-1260P, 16 cores, 15G,  Windows 11 , 64 bit Build 26100 (10.0.26100.7019)
Time: Fri Nov 28 22:17:07 2025  Windows 11 , 64 bit Build 26100 (10.0.26100.7019) elapsed time: 9.142511 seconds (0d 0h 0m 9s)

---------------  T H R E A D  ---------------

Current thread (0x000001fd6512d1c0):  JavaThread "C2 CompilerThread2" daemon [_thread_in_native, id=13604, stack(0x0000004b05000000,0x0000004b05100000) (1024K)]


Current CompileTask:
C2:   9142 3138       4       java.net.URLClassLoader$1::run (5 bytes)

Stack: [0x0000004b05000000,0x0000004b05100000]
Native frames: (J=compiled Java code, j=interpreted, Vv=VM code, C=native code)
V  [jvm.dll+0x6c9029]
V  [jvm.dll+0x854b81]
V  [jvm.dll+0x856e5e]
V  [jvm.dll+0x857543]
V  [jvm.dll+0x280c06]
V  [jvm.dll+0xc3ead]
V  [jvm.dll+0xc43c3]
V  [jvm.dll+0x3b5732]
V  [jvm.dll+0x382475]
V  [jvm.dll+0x3818ea]
V  [jvm.dll+0x249ad0]
V  [jvm.dll+0x2490b1]
V  [jvm.dll+0x1c9ca1]
V  [jvm.dll+0x2586b9]
V  [jvm.dll+0x256c9a]
V  [jvm.dll+0x3ef1b6]
V  [jvm.dll+0x7fd728]
V  [jvm.dll+0x6c777d]
C  [ucrtbase.dll+0x37b0]
C  [KERNEL32.DLL+0x2e8d7]
C  [ntdll.dll+0x8c53c]


---------------  P R O C E S S  ---------------

Threads class SMR info:
_java_thread_list=0x000001fd63999dd0, length=29, elements={
0x000001fd2ab77490, 0x000001fd4847d990, 0x000001fd4847f160, 0x000001fd48487150,
0x000001fd48488bb0, 0x000001fd4848c3d0, 0x000001fd4848b020, 0x000001fd48493c10,
0x000001fd48499360, 0x000001fd4848b6b0, 0x000001fd4855e940, 0x000001fd4848bd40,
0x000001fd62414600, 0x000001fd62a5bd30, 0x000001fd4848ca60, 0x000001fd4848d0f0,
0x000001fd4848a300, 0x000001fd4848a990, 0x000001fd4858c6f0, 0x000001fd4858daa0,
0x000001fd48590200, 0x000001fd4858f4e0, 0x000001fd4858d410, 0x000001fd4858e130,
0x000001fd4858e7c0, 0x000001fd4858fb70, 0x000001fd4858cd80, 0x000001fd63a8a300,
0x000001fd6512d1c0
}

Java Threads: ( => current thread )
  0x000001fd2ab77490 JavaThread "main"                              [_thread_blocked, id=23992, stack(0x0000004b02100000,0x0000004b02200000) (1024K)]
  0x000001fd4847d990 JavaThread "Reference Handler"          daemon [_thread_blocked, id=9440, stack(0x0000004b02900000,0x0000004b02a00000) (1024K)]
  0x000001fd4847f160 JavaThread "Finalizer"                  daemon [_thread_blocked, id=16716, stack(0x0000004b02a00000,0x0000004b02b00000) (1024K)]
  0x000001fd48487150 JavaThread "Signal Dispatcher"          daemon [_thread_blocked, id=1532, stack(0x0000004b02b00000,0x0000004b02c00000) (1024K)]
  0x000001fd48488bb0 JavaThread "Attach Listener"            daemon [_thread_blocked, id=25012, stack(0x0000004b02c00000,0x0000004b02d00000) (1024K)]
  0x000001fd4848c3d0 JavaThread "Service Thread"             daemon [_thread_blocked, id=25736, stack(0x0000004b02d00000,0x0000004b02e00000) (1024K)]
  0x000001fd4848b020 JavaThread "Monitor Deflation Thread"   daemon [_thread_blocked, id=4816, stack(0x0000004b02e00000,0x0000004b02f00000) (1024K)]
  0x000001fd48493c10 JavaThread "C2 CompilerThread0"         daemon [_thread_in_native, id=23428, stack(0x0000004b02f00000,0x0000004b03000000) (1024K)]
  0x000001fd48499360 JavaThread "C1 CompilerThread0"         daemon [_thread_blocked, id=35628, stack(0x0000004b03000000,0x0000004b03100000) (1024K)]
  0x000001fd4848b6b0 JavaThread "Common-Cleaner"             daemon [_thread_blocked, id=27624, stack(0x0000004b03100000,0x0000004b03200000) (1024K)]
  0x000001fd4855e940 JavaThread "C1 CompilerThread1"         daemon [_thread_blocked, id=36384, stack(0x0000004b03200000,0x0000004b03300000) (1024K)]
  0x000001fd4848bd40 JavaThread "Notification Thread"        daemon [_thread_blocked, id=30780, stack(0x0000004b03400000,0x0000004b03500000) (1024K)]
  0x000001fd62414600 JavaThread "C1 CompilerThread2"         daemon [_thread_blocked, id=33044, stack(0x0000004b03a00000,0x0000004b03b00000) (1024K)]
  0x000001fd62a5bd30 JavaThread "C1 CompilerThread3"         daemon [_thread_blocked, id=27896, stack(0x0000004b03b00000,0x0000004b03c00000) (1024K)]
  0x000001fd4848ca60 JavaThread "Daemon health stats"               [_thread_blocked, id=32784, stack(0x0000004b03c00000,0x0000004b03d00000) (1024K)]
  0x000001fd4848d0f0 JavaThread "Incoming local TCP Connector on port 61172"        [_thread_in_native, id=21836, stack(0x0000004b03300000,0x0000004b03400000) (1024K)]
  0x000001fd4848a300 JavaThread "Daemon periodic checks"            [_thread_blocked, id=36688, stack(0x0000004b03e00000,0x0000004b03f00000) (1024K)]
  0x000001fd4848a990 JavaThread "Daemon"                            [_thread_blocked, id=41752, stack(0x0000004b04600000,0x0000004b04700000) (1024K)]
  0x000001fd4858c6f0 JavaThread "Handler for socket connection from /127.0.0.1:61172 to /127.0.0.1:61173"        [_thread_in_native, id=9652, stack(0x0000004b04700000,0x0000004b04800000) (1024K)]
  0x000001fd4858daa0 JavaThread "Cancel handler"                    [_thread_blocked, id=38212, stack(0x0000004b03d00000,0x0000004b03e00000) (1024K)]
  0x000001fd48590200 JavaThread "Daemon worker"                     [_thread_in_native, id=13268, stack(0x0000004b04800000,0x0000004b04900000) (1024K)]
  0x000001fd4858f4e0 JavaThread "Asynchronous log dispatcher for DefaultDaemonConnection: socket connection from /127.0.0.1:61172 to /127.0.0.1:61173"        [_thread_blocked, id=31216, stack(0x0000004b04900000,0x0000004b04a00000) (1024K)]
  0x000001fd4858d410 JavaThread "Stdin handler"                     [_thread_blocked, id=34428, stack(0x0000004b04a00000,0x0000004b04b00000) (1024K)]
  0x000001fd4858e130 JavaThread "Daemon client event forwarder"        [_thread_blocked, id=17124, stack(0x0000004b04b00000,0x0000004b04c00000) (1024K)]
  0x000001fd4858e7c0 JavaThread "Cache worker for journal cache (C:\Users\jy829\.gradle\caches\journal-1)"        [_thread_blocked, id=41968, stack(0x0000004b04c00000,0x0000004b04d00000) (1024K)]
  0x000001fd4858fb70 JavaThread "File lock request listener"        [_thread_in_native, id=32996, stack(0x0000004b04d00000,0x0000004b04e00000) (1024K)]
  0x000001fd4858cd80 JavaThread "Cache worker for file hash cache (C:\Users\jy829\.gradle\caches\8.14.3\fileHashes)"        [_thread_blocked, id=4324, stack(0x0000004b04e00000,0x0000004b04f00000) (1024K)]
  0x000001fd63a8a300 JavaThread "C2 CompilerThread1"         daemon [_thread_in_native, id=40396, stack(0x0000004b04f00000,0x0000004b05000000) (1024K)]
=>0x000001fd6512d1c0 JavaThread "C2 CompilerThread2"         daemon [_thread_in_native, id=13604, stack(0x0000004b05000000,0x0000004b05100000) (1024K)]
Total: 29

Other Threads:
  0x000001fd484559c0 VMThread "VM Thread"                           [id=31184, stack(0x0000004b02800000,0x0000004b02900000) (1024K)]
  0x000001fd4843ee00 WatcherThread "VM Periodic Task Thread"        [id=22028, stack(0x0000004b02700000,0x0000004b02800000) (1024K)]
  0x000001fd2cde4810 WorkerThread "GC Thread#0"                     [id=41948, stack(0x0000004b02200000,0x0000004b02300000) (1024K)]
  0x000001fd48855d60 WorkerThread "GC Thread#1"                     [id=13792, stack(0x0000004b03500000,0x0000004b03600000) (1024K)]
  0x000001fd48856100 WorkerThread "GC Thread#2"                     [id=39768, stack(0x0000004b03600000,0x0000004b03700000) (1024K)]
  0x000001fd4883a2a0 WorkerThread "GC Thread#3"                     [id=19928, stack(0x0000004b03700000,0x0000004b03800000) (1024K)]
  0x000001fd4883a640 WorkerThread "GC Thread#4"                     [id=36088, stack(0x0000004b03800000,0x0000004b03900000) (1024K)]
  0x000001fd620481b0 WorkerThread "GC Thread#5"                     [id=18220, stack(0x0000004b03900000,0x0000004b03a00000) (1024K)]
  0x000001fd62c4fc60 WorkerThread "GC Thread#6"                     [id=2740, stack(0x0000004b03f00000,0x0000004b04000000) (1024K)]
  0x000001fd484fa190 WorkerThread "GC Thread#7"                     [id=30880, stack(0x0000004b04000000,0x0000004b04100000) (1024K)]
  0x000001fd63728b00 WorkerThread "GC Thread#8"                     [id=26264, stack(0x0000004b04100000,0x0000004b04200000) (1024K)]
  0x000001fd62afda10 WorkerThread "GC Thread#9"                     [id=27560, stack(0x0000004b04200000,0x0000004b04300000) (1024K)]
  0x000001fd62963bf0 WorkerThread "GC Thread#10"                    [id=27076, stack(0x0000004b04300000,0x0000004b04400000) (1024K)]
  0x000001fd62962290 WorkerThread "GC Thread#11"                    [id=11244, stack(0x0000004b04400000,0x0000004b04500000) (1024K)]
  0x000001fd629634b0 WorkerThread "GC Thread#12"                    [id=38624, stack(0x0000004b04500000,0x0000004b04600000) (1024K)]
  0x000001fd2cdfa590 ConcurrentGCThread "G1 Main Marker"            [id=33312, stack(0x0000004b02300000,0x0000004b02400000) (1024K)]
  0x000001fd2cdfd750 WorkerThread "G1 Conc#0"                       [id=30508, stack(0x0000004b02400000,0x0000004b02500000) (1024K)]
  0x000001fd65c7b750 WorkerThread "G1 Conc#1"                       [id=40416, stack(0x0000004b05100000,0x0000004b05200000) (1024K)]
  0x000001fd65c7b3b0 WorkerThread "G1 Conc#2"                       [id=38388, stack(0x0000004b05200000,0x0000004b05300000) (1024K)]
  0x000001fd48312610 ConcurrentGCThread "G1 Refine#0"               [id=28072, stack(0x0000004b02500000,0x0000004b02600000) (1024K)]
  0x000001fd48312e30 ConcurrentGCThread "G1 Service"                [id=38584, stack(0x0000004b02600000,0x0000004b02700000) (1024K)]
Total: 21

Threads with active compile tasks:
C2 CompilerThread0     9247 3139   !   4       java.net.URLClassLoader$1::run (81 bytes)
C2 CompilerThread1     9248 3137   !   4       java.net.URLClassLoader::findClass (47 bytes)
C2 CompilerThread2     9248 3138       4       java.net.URLClassLoader$1::run (5 bytes)
Total: 3

VM state: not at safepoint (normal execution)

VM Mutex/Monitor currently owned by a thread: None

Heap address: 0x00000000e0000000, size: 512 MB, Compressed Oops mode: 32-bit

CDS archive(s) mapped at: [0x000001fd49000000-0x000001fd49c90000-0x000001fd49c90000), size 13172736, SharedBaseAddress: 0x000001fd49000000, ArchiveRelocationMode: 1.
Compressed class space mapped at: 0x000001fd4a000000-0x000001fd5e000000, reserved size: 335544320
Narrow klass base: 0x000001fd49000000, Narrow klass shift: 0, Narrow klass range: 0x100000000

GC Precious Log:
 CardTable entry size: 512
 Card Set container configuration: InlinePtr #cards 5 size 8 Array Of Cards #cards 12 size 40 Howl #buckets 4 coarsen threshold 1843 Howl Bitmap #cards 512 size 80 coarsen threshold 460 Card regions per heap region 1 cards per card region 2048
 CPUs: 16 total, 16 available
 Memory: 16010M
 Large Page Support: Disabled
 NUMA Support: Disabled
 Compressed Oops: Enabled (32-bit)
 Heap Region Size: 1M
 Heap Min Capacity: 256M
 Heap Initial Capacity: 256M
 Heap Max Capacity: 512M
 Pre-touch: Disabled
 Parallel Workers: 13
 Concurrent Workers: 3
 Concurrent Refinement Workers: 13
 Periodic GC: Disabled

Heap:
 garbage-first heap   total 262144K, used 27260K [0x00000000e0000000, 0x0000000100000000)
  region size 1024K, 19 young (19456K), 15 survivors (15360K)
 Metaspace       used 21155K, committed 21824K, reserved 393216K
  class space    used 3074K, committed 3392K, reserved 327680K

Heap Regions: E=young(eden), S=young(survivor), O=old, HS=humongous(starts), HC=humongous(continues), CS=collection set, F=free, TAMS=top-at-mark-start, PB=parsable bottom
|   0|0x00000000e0000000, 0x00000000e0100000, 0x00000000e0100000|100%|HS|  |TAMS 0x00000000e0000000| PB 0x00000000e0000000| Complete 
|   1|0x00000000e0100000, 0x00000000e0200000, 0x00000000e0200000|100%|HC|  |TAMS 0x00000000e0100000| PB 0x00000000e0100000| Complete 
|   2|0x00000000e0200000, 0x00000000e0300000, 0x00000000e0300000|100%|HC|  |TAMS 0x00000000e0200000| PB 0x00000000e0200000| Complete 
|   3|0x00000000e0300000, 0x00000000e0400000, 0x00000000e0400000|100%| O|  |TAMS 0x00000000e0300000| PB 0x00000000e0300000| Untracked 
|   4|0x00000000e0400000, 0x00000000e0500000, 0x00000000e0500000|100%| O|  |TAMS 0x00000000e0400000| PB 0x00000000e0400000| Untracked 
|   5|0x00000000e0500000, 0x00000000e0600000, 0x00000000e0600000|100%| O|  |TAMS 0x00000000e0500000| PB 0x00000000e0500000| Untracked 
|   6|0x00000000e0600000, 0x00000000e0700000, 0x00000000e0700000|100%|HS|  |TAMS 0x00000000e0600000| PB 0x00000000e0600000| Complete 
|   7|0x00000000e0700000, 0x00000000e0700000, 0x00000000e0800000|  0%| F|  |TAMS 0x00000000e0700000| PB 0x00000000e0700000| Untracked 
|   8|0x00000000e0800000, 0x00000000e0900000, 0x00000000e0900000|100%| O|  |TAMS 0x00000000e0800000| PB 0x00000000e0800000| Untracked 
|   9|0x00000000e0900000, 0x00000000e0a00000, 0x00000000e0a00000|100%| O|  |TAMS 0x00000000e0900000| PB 0x00000000e0900000| Untracked 
|  10|0x00000000e0a00000, 0x00000000e0a6c0c0, 0x00000000e0b00000| 42%| O|  |TAMS 0x00000000e0a00000| PB 0x00000000e0a00000| Untracked 
|  11|0x00000000e0b00000, 0x00000000e0b00000, 0x00000000e0c00000|  0%| F|  |TAMS 0x00000000e0b00000| PB 0x00000000e0b00000| Untracked 
|  12|0x00000000e0c00000, 0x00000000e0c00000, 0x00000000e0d00000|  0%| F|  |TAMS 0x00000000e0c00000| PB 0x00000000e0c00000| Untracked 
|  13|0x00000000e0d00000, 0x00000000e0d00000, 0x00000000e0e00000|  0%| F|  |TAMS 0x00000000e0d00000| PB 0x00000000e0d00000| Untracked 
|  14|0x00000000e0e00000, 0x00000000e0e00000, 0x00000000e0f00000|  0%| F|  |TAMS 0x00000000e0e00000| PB 0x00000000e0e00000| Untracked 
|  15|0x00000000e0f00000, 0x00000000e0f00000, 0x00000000e1000000|  0%| F|  |TAMS 0x00000000e0f00000| PB 0x00000000e0f00000| Untracked 
|  16|0x00000000e1000000, 0x00000000e1000000, 0x00000000e1100000|  0%| F|  |TAMS 0x00000000e1000000| PB 0x00000000e1000000| Untracked 
|  17|0x00000000e1100000, 0x00000000e1100000, 0x00000000e1200000|  0%| F|  |TAMS 0x00000000e1100000| PB 0x00000000e1100000| Untracked 
|  18|0x00000000e1200000, 0x00000000e1200000, 0x00000000e1300000|  0%| F|  |TAMS 0x00000000e1200000| PB 0x00000000e1200000| Untracked 
|  19|0x00000000e1300000, 0x00000000e1300000, 0x00000000e1400000|  0%| F|  |TAMS 0x00000000e1300000| PB 0x00000000e1300000| Untracked 
|  20|0x00000000e1400000, 0x00000000e1400000, 0x00000000e1500000|  0%| F|  |TAMS 0x00000000e1400000| PB 0x00000000e1400000| Untracked 
|  21|0x00000000e1500000, 0x00000000e1500000, 0x00000000e1600000|  0%| F|  |TAMS 0x00000000e1500000| PB 0x00000000e1500000| Untracked 
|  22|0x00000000e1600000, 0x00000000e1600000, 0x00000000e1700000|  0%| F|  |TAMS 0x00000000e1600000| PB 0x00000000e1600000| Untracked 
|  23|0x00000000e1700000, 0x00000000e1700000, 0x00000000e1800000|  0%| F|  |TAMS 0x00000000e1700000| PB 0x00000000e1700000| Untracked 
|  24|0x00000000e1800000, 0x00000000e1800000, 0x00000000e1900000|  0%| F|  |TAMS 0x00000000e1800000| PB 0x00000000e1800000| Untracked 
|  25|0x00000000e1900000, 0x00000000e1900000, 0x00000000e1a00000|  0%| F|  |TAMS 0x00000000e1900000| PB 0x00000000e1900000| Untracked 
|  26|0x00000000e1a00000, 0x00000000e1a00000, 0x00000000e1b00000|  0%| F|  |TAMS 0x00000000e1a00000| PB 0x00000000e1a00000| Untracked 
|  27|0x00000000e1b00000, 0x00000000e1b00000, 0x00000000e1c00000|  0%| F|  |TAMS 0x00000000e1b00000| PB 0x00000000e1b00000| Untracked 
|  28|0x00000000e1c00000, 0x00000000e1c00000, 0x00000000e1d00000|  0%| F|  |TAMS 0x00000000e1c00000| PB 0x00000000e1c00000| Untracked 
|  29|0x00000000e1d00000, 0x00000000e1d00000, 0x00000000e1e00000|  0%| F|  |TAMS 0x00000000e1d00000| PB 0x00000000e1d00000| Untracked 
|  30|0x00000000e1e00000, 0x00000000e1e00000, 0x00000000e1f00000|  0%| F|  |TAMS 0x00000000e1e00000| PB 0x00000000e1e00000| Untracked 
|  31|0x00000000e1f00000, 0x00000000e1f00000, 0x00000000e2000000|  0%| F|  |TAMS 0x00000000e1f00000| PB 0x00000000e1f00000| Untracked 
|  32|0x00000000e2000000, 0x00000000e2000000, 0x00000000e2100000|  0%| F|  |TAMS 0x00000000e2000000| PB 0x00000000e2000000| Untracked 
|  33|0x00000000e2100000, 0x00000000e2100000, 0x00000000e2200000|  0%| F|  |TAMS 0x00000000e2100000| PB 0x00000000e2100000| Untracked 
|  34|0x00000000e2200000, 0x00000000e2200000, 0x00000000e2300000|  0%| F|  |TAMS 0x00000000e2200000| PB 0x00000000e2200000| Untracked 
|  35|0x00000000e2300000, 0x00000000e2300000, 0x00000000e2400000|  0%| F|  |TAMS 0x00000000e2300000| PB 0x00000000e2300000| Untracked 
|  36|0x00000000e2400000, 0x00000000e2400000, 0x00000000e2500000|  0%| F|  |TAMS 0x00000000e2400000| PB 0x00000000e2400000| Untracked 
|  37|0x00000000e2500000, 0x00000000e2500000, 0x00000000e2600000|  0%| F|  |TAMS 0x00000000e2500000| PB 0x00000000e2500000| Untracked 
|  38|0x00000000e2600000, 0x00000000e2600000, 0x00000000e2700000|  0%| F|  |TAMS 0x00000000e2600000| PB 0x00000000e2600000| Untracked 
|  39|0x00000000e2700000, 0x00000000e2700000, 0x00000000e2800000|  0%| F|  |TAMS 0x00000000e2700000| PB 0x00000000e2700000| Untracked 
|  40|0x00000000e2800000, 0x00000000e2800000, 0x00000000e2900000|  0%| F|  |TAMS 0x00000000e2800000| PB 0x00000000e2800000| Untracked 
|  41|0x00000000e2900000, 0x00000000e2900000, 0x00000000e2a00000|  0%| F|  |TAMS 0x00000000e2900000| PB 0x00000000e2900000| Untracked 
|  42|0x00000000e2a00000, 0x00000000e2a00000, 0x00000000e2b00000|  0%| F|  |TAMS 0x00000000e2a00000| PB 0x00000000e2a00000| Untracked 
|  43|0x00000000e2b00000, 0x00000000e2b00000, 0x00000000e2c00000|  0%| F|  |TAMS 0x00000000e2b00000| PB 0x00000000e2b00000| Untracked 
|  44|0x00000000e2c00000, 0x00000000e2c00000, 0x00000000e2d00000|  0%| F|  |TAMS 0x00000000e2c00000| PB 0x00000000e2c00000| Untracked 
|  45|0x00000000e2d00000, 0x00000000e2d00000, 0x00000000e2e00000|  0%| F|  |TAMS 0x00000000e2d00000| PB 0x00000000e2d00000| Untracked 
|  46|0x00000000e2e00000, 0x00000000e2e00000, 0x00000000e2f00000|  0%| F|  |TAMS 0x00000000e2e00000| PB 0x00000000e2e00000| Untracked 
|  47|0x00000000e2f00000, 0x00000000e2f00000, 0x00000000e3000000|  0%| F|  |TAMS 0x00000000e2f00000| PB 0x00000000e2f00000| Untracked 
|  48|0x00000000e3000000, 0x00000000e3000000, 0x00000000e3100000|  0%| F|  |TAMS 0x00000000e3000000| PB 0x00000000e3000000| Untracked 
|  49|0x00000000e3100000, 0x00000000e3100000, 0x00000000e3200000|  0%| F|  |TAMS 0x00000000e3100000| PB 0x00000000e3100000| Untracked 
|  50|0x00000000e3200000, 0x00000000e3200000, 0x00000000e3300000|  0%| F|  |TAMS 0x00000000e3200000| PB 0x00000000e3200000| Untracked 
|  51|0x00000000e3300000, 0x00000000e3300000, 0x00000000e3400000|  0%| F|  |TAMS 0x00000000e3300000| PB 0x00000000e3300000| Untracked 
|  52|0x00000000e3400000, 0x00000000e3400000, 0x00000000e3500000|  0%| F|  |TAMS 0x00000000e3400000| PB 0x00000000e3400000| Untracked 
|  53|0x00000000e3500000, 0x00000000e3500000, 0x00000000e3600000|  0%| F|  |TAMS 0x00000000e3500000| PB 0x00000000e3500000| Untracked 
|  54|0x00000000e3600000, 0x00000000e3600000, 0x00000000e3700000|  0%| F|  |TAMS 0x00000000e3600000| PB 0x00000000e3600000| Untracked 
|  55|0x00000000e3700000, 0x00000000e3700000, 0x00000000e3800000|  0%| F|  |TAMS 0x00000000e3700000| PB 0x00000000e3700000| Untracked 
|  56|0x00000000e3800000, 0x00000000e3800000, 0x00000000e3900000|  0%| F|  |TAMS 0x00000000e3800000| PB 0x00000000e3800000| Untracked 
|  57|0x00000000e3900000, 0x00000000e3900000, 0x00000000e3a00000|  0%| F|  |TAMS 0x00000000e3900000| PB 0x00000000e3900000| Untracked 
|  58|0x00000000e3a00000, 0x00000000e3a00000, 0x00000000e3b00000|  0%| F|  |TAMS 0x00000000e3a00000| PB 0x00000000e3a00000| Untracked 
|  59|0x00000000e3b00000, 0x00000000e3b00000, 0x00000000e3c00000|  0%| F|  |TAMS 0x00000000e3b00000| PB 0x00000000e3b00000| Untracked 
|  60|0x00000000e3c00000, 0x00000000e3c00000, 0x00000000e3d00000|  0%| F|  |TAMS 0x00000000e3c00000| PB 0x00000000e3c00000| Untracked 
|  61|0x00000000e3d00000, 0x00000000e3d00000, 0x00000000e3e00000|  0%| F|  |TAMS 0x00000000e3d00000| PB 0x00000000e3d00000| Untracked 
|  62|0x00000000e3e00000, 0x00000000e3e00000, 0x00000000e3f00000|  0%| F|  |TAMS 0x00000000e3e00000| PB 0x00000000e3e00000| Untracked 
|  63|0x00000000e3f00000, 0x00000000e3f00000, 0x00000000e4000000|  0%| F|  |TAMS 0x00000000e3f00000| PB 0x00000000e3f00000| Untracked 
|  64|0x00000000e4000000, 0x00000000e4000000, 0x00000000e4100000|  0%| F|  |TAMS 0x00000000e4000000| PB 0x00000000e4000000| Untracked 
|  65|0x00000000e4100000, 0x00000000e4100000, 0x00000000e4200000|  0%| F|  |TAMS 0x00000000e4100000| PB 0x00000000e4100000| Untracked 
|  66|0x00000000e4200000, 0x00000000e4200000, 0x00000000e4300000|  0%| F|  |TAMS 0x00000000e4200000| PB 0x00000000e4200000| Untracked 
|  67|0x00000000e4300000, 0x00000000e4300000, 0x00000000e4400000|  0%| F|  |TAMS 0x00000000e4300000| PB 0x00000000e4300000| Untracked 
|  68|0x00000000e4400000, 0x00000000e4400000, 0x00000000e4500000|  0%| F|  |TAMS 0x00000000e4400000| PB 0x00000000e4400000| Untracked 
|  69|0x00000000e4500000, 0x00000000e4500000, 0x00000000e4600000|  0%| F|  |TAMS 0x00000000e4500000| PB 0x00000000e4500000| Untracked 
|  70|0x00000000e4600000, 0x00000000e4600000, 0x00000000e4700000|  0%| F|  |TAMS 0x00000000e4600000| PB 0x00000000e4600000| Untracked 
|  71|0x00000000e4700000, 0x00000000e4700000, 0x00000000e4800000|  0%| F|  |TAMS 0x00000000e4700000| PB 0x00000000e4700000| Untracked 
|  72|0x00000000e4800000, 0x00000000e4800000, 0x00000000e4900000|  0%| F|  |TAMS 0x00000000e4800000| PB 0x00000000e4800000| Untracked 
|  73|0x00000000e4900000, 0x00000000e4900000, 0x00000000e4a00000|  0%| F|  |TAMS 0x00000000e4900000| PB 0x00000000e4900000| Untracked 
|  74|0x00000000e4a00000, 0x00000000e4a00000, 0x00000000e4b00000|  0%| F|  |TAMS 0x00000000e4a00000| PB 0x00000000e4a00000| Untracked 
|  75|0x00000000e4b00000, 0x00000000e4b00000, 0x00000000e4c00000|  0%| F|  |TAMS 0x00000000e4b00000| PB 0x00000000e4b00000| Untracked 
|  76|0x00000000e4c00000, 0x00000000e4c00000, 0x00000000e4d00000|  0%| F|  |TAMS 0x00000000e4c00000| PB 0x00000000e4c00000| Untracked 
|  77|0x00000000e4d00000, 0x00000000e4d00000, 0x00000000e4e00000|  0%| F|  |TAMS 0x00000000e4d00000| PB 0x00000000e4d00000| Untracked 
|  78|0x00000000e4e00000, 0x00000000e4e00000, 0x00000000e4f00000|  0%| F|  |TAMS 0x00000000e4e00000| PB 0x00000000e4e00000| Untracked 
|  79|0x00000000e4f00000, 0x00000000e4f00000, 0x00000000e5000000|  0%| F|  |TAMS 0x00000000e4f00000| PB 0x00000000e4f00000| Untracked 
|  80|0x00000000e5000000, 0x00000000e5000000, 0x00000000e5100000|  0%| F|  |TAMS 0x00000000e5000000| PB 0x00000000e5000000| Untracked 
|  81|0x00000000e5100000, 0x00000000e5100000, 0x00000000e5200000|  0%| F|  |TAMS 0x00000000e5100000| PB 0x00000000e5100000| Untracked 
|  82|0x00000000e5200000, 0x00000000e5200000, 0x00000000e5300000|  0%| F|  |TAMS 0x00000000e5200000| PB 0x00000000e5200000| Untracked 
|  83|0x00000000e5300000, 0x00000000e5300000, 0x00000000e5400000|  0%| F|  |TAMS 0x00000000e5300000| PB 0x00000000e5300000| Untracked 
|  84|0x00000000e5400000, 0x00000000e5400000, 0x00000000e5500000|  0%| F|  |TAMS 0x00000000e5400000| PB 0x00000000e5400000| Untracked 
|  85|0x00000000e5500000, 0x00000000e5500000, 0x00000000e5600000|  0%| F|  |TAMS 0x00000000e5500000| PB 0x00000000e5500000| Untracked 
|  86|0x00000000e5600000, 0x00000000e5600000, 0x00000000e5700000|  0%| F|  |TAMS 0x00000000e5600000| PB 0x00000000e5600000| Untracked 
|  87|0x00000000e5700000, 0x00000000e5700000, 0x00000000e5800000|  0%| F|  |TAMS 0x00000000e5700000| PB 0x00000000e5700000| Untracked 
|  88|0x00000000e5800000, 0x00000000e5800000, 0x00000000e5900000|  0%| F|  |TAMS 0x00000000e5800000| PB 0x00000000e5800000| Untracked 
|  89|0x00000000e5900000, 0x00000000e5900000, 0x00000000e5a00000|  0%| F|  |TAMS 0x00000000e5900000| PB 0x00000000e5900000| Untracked 
|  90|0x00000000e5a00000, 0x00000000e5a00000, 0x00000000e5b00000|  0%| F|  |TAMS 0x00000000e5a00000| PB 0x00000000e5a00000| Untracked 
|  91|0x00000000e5b00000, 0x00000000e5b00000, 0x00000000e5c00000|  0%| F|  |TAMS 0x00000000e5b00000| PB 0x00000000e5b00000| Untracked 
|  92|0x00000000e5c00000, 0x00000000e5c00000, 0x00000000e5d00000|  0%| F|  |TAMS 0x00000000e5c00000| PB 0x00000000e5c00000| Untracked 
|  93|0x00000000e5d00000, 0x00000000e5d00000, 0x00000000e5e00000|  0%| F|  |TAMS 0x00000000e5d00000| PB 0x00000000e5d00000| Untracked 
|  94|0x00000000e5e00000, 0x00000000e5e00000, 0x00000000e5f00000|  0%| F|  |TAMS 0x00000000e5e00000| PB 0x00000000e5e00000| Untracked 
|  95|0x00000000e5f00000, 0x00000000e5f00000, 0x00000000e6000000|  0%| F|  |TAMS 0x00000000e5f00000| PB 0x00000000e5f00000| Untracked 
|  96|0x00000000e6000000, 0x00000000e6000000, 0x00000000e6100000|  0%| F|  |TAMS 0x00000000e6000000| PB 0x00000000e6000000| Untracked 
|  97|0x00000000e6100000, 0x00000000e6100000, 0x00000000e6200000|  0%| F|  |TAMS 0x00000000e6100000| PB 0x00000000e6100000| Untracked 
|  98|0x00000000e6200000, 0x00000000e6200000, 0x00000000e6300000|  0%| F|  |TAMS 0x00000000e6200000| PB 0x00000000e6200000| Untracked 
|  99|0x00000000e6300000, 0x00000000e6300000, 0x00000000e6400000|  0%| F|  |TAMS 0x00000000e6300000| PB 0x00000000e6300000| Untracked 
| 100|0x00000000e6400000, 0x00000000e6400000, 0x00000000e6500000|  0%| F|  |TAMS 0x00000000e6400000| PB 0x00000000e6400000| Untracked 
| 101|0x00000000e6500000, 0x00000000e6500000, 0x00000000e6600000|  0%| F|  |TAMS 0x00000000e6500000| PB 0x00000000e6500000| Untracked 
| 102|0x00000000e6600000, 0x00000000e6600000, 0x00000000e6700000|  0%| F|  |TAMS 0x00000000e6600000| PB 0x00000000e6600000| Untracked 
| 103|0x00000000e6700000, 0x00000000e6700000, 0x00000000e6800000|  0%| F|  |TAMS 0x00000000e6700000| PB 0x00000000e6700000| Untracked 
| 104|0x00000000e6800000, 0x00000000e6800000, 0x00000000e6900000|  0%| F|  |TAMS 0x00000000e6800000| PB 0x00000000e6800000| Untracked 
| 105|0x00000000e6900000, 0x00000000e6900000, 0x00000000e6a00000|  0%| F|  |TAMS 0x00000000e6900000| PB 0x00000000e6900000| Untracked 
| 106|0x00000000e6a00000, 0x00000000e6a00000, 0x00000000e6b00000|  0%| F|  |TAMS 0x00000000e6a00000| PB 0x00000000e6a00000| Untracked 
| 107|0x00000000e6b00000, 0x00000000e6b00000, 0x00000000e6c00000|  0%| F|  |TAMS 0x00000000e6b00000| PB 0x00000000e6b00000| Untracked 
| 108|0x00000000e6c00000, 0x00000000e6c00000, 0x00000000e6d00000|  0%| F|  |TAMS 0x00000000e6c00000| PB 0x00000000e6c00000| Untracked 
| 109|0x00000000e6d00000, 0x00000000e6d00000, 0x00000000e6e00000|  0%| F|  |TAMS 0x00000000e6d00000| PB 0x00000000e6d00000| Untracked 
| 110|0x00000000e6e00000, 0x00000000e6e00000, 0x00000000e6f00000|  0%| F|  |TAMS 0x00000000e6e00000| PB 0x00000000e6e00000| Untracked 
| 111|0x00000000e6f00000, 0x00000000e6f00000, 0x00000000e7000000|  0%| F|  |TAMS 0x00000000e6f00000| PB 0x00000000e6f00000| Untracked 
| 112|0x00000000e7000000, 0x00000000e7000000, 0x00000000e7100000|  0%| F|  |TAMS 0x00000000e7000000| PB 0x00000000e7000000| Untracked 
| 113|0x00000000e7100000, 0x00000000e7100000, 0x00000000e7200000|  0%| F|  |TAMS 0x00000000e7100000| PB 0x00000000e7100000| Untracked 
| 114|0x00000000e7200000, 0x00000000e7200000, 0x00000000e7300000|  0%| F|  |TAMS 0x00000000e7200000| PB 0x00000000e7200000| Untracked 
| 115|0x00000000e7300000, 0x00000000e7300000, 0x00000000e7400000|  0%| F|  |TAMS 0x00000000e7300000| PB 0x00000000e7300000| Untracked 
| 116|0x00000000e7400000, 0x00000000e7400000, 0x00000000e7500000|  0%| F|  |TAMS 0x00000000e7400000| PB 0x00000000e7400000| Untracked 
| 117|0x00000000e7500000, 0x00000000e7500000, 0x00000000e7600000|  0%| F|  |TAMS 0x00000000e7500000| PB 0x00000000e7500000| Untracked 
| 118|0x00000000e7600000, 0x00000000e7600000, 0x00000000e7700000|  0%| F|  |TAMS 0x00000000e7600000| PB 0x00000000e7600000| Untracked 
| 119|0x00000000e7700000, 0x00000000e7700000, 0x00000000e7800000|  0%| F|  |TAMS 0x00000000e7700000| PB 0x00000000e7700000| Untracked 
| 120|0x00000000e7800000, 0x00000000e7800000, 0x00000000e7900000|  0%| F|  |TAMS 0x00000000e7800000| PB 0x00000000e7800000| Untracked 
| 121|0x00000000e7900000, 0x00000000e7900000, 0x00000000e7a00000|  0%| F|  |TAMS 0x00000000e7900000| PB 0x00000000e7900000| Untracked 
| 122|0x00000000e7a00000, 0x00000000e7a00000, 0x00000000e7b00000|  0%| F|  |TAMS 0x00000000e7a00000| PB 0x00000000e7a00000| Untracked 
| 123|0x00000000e7b00000, 0x00000000e7b00000, 0x00000000e7c00000|  0%| F|  |TAMS 0x00000000e7b00000| PB 0x00000000e7b00000| Untracked 
| 124|0x00000000e7c00000, 0x00000000e7c00000, 0x00000000e7d00000|  0%| F|  |TAMS 0x00000000e7c00000| PB 0x00000000e7c00000| Untracked 
| 125|0x00000000e7d00000, 0x00000000e7d00000, 0x00000000e7e00000|  0%| F|  |TAMS 0x00000000e7d00000| PB 0x00000000e7d00000| Untracked 
| 126|0x00000000e7e00000, 0x00000000e7e00000, 0x00000000e7f00000|  0%| F|  |TAMS 0x00000000e7e00000| PB 0x00000000e7e00000| Untracked 
| 127|0x00000000e7f00000, 0x00000000e7f00000, 0x00000000e8000000|  0%| F|  |TAMS 0x00000000e7f00000| PB 0x00000000e7f00000| Untracked 
| 128|0x00000000e8000000, 0x00000000e8000000, 0x00000000e8100000|  0%| F|  |TAMS 0x00000000e8000000| PB 0x00000000e8000000| Untracked 
| 129|0x00000000e8100000, 0x00000000e8100000, 0x00000000e8200000|  0%| F|  |TAMS 0x00000000e8100000| PB 0x00000000e8100000| Untracked 
| 130|0x00000000e8200000, 0x00000000e8200000, 0x00000000e8300000|  0%| F|  |TAMS 0x00000000e8200000| PB 0x00000000e8200000| Untracked 
| 131|0x00000000e8300000, 0x00000000e8300000, 0x00000000e8400000|  0%| F|  |TAMS 0x00000000e8300000| PB 0x00000000e8300000| Untracked 
| 132|0x00000000e8400000, 0x00000000e8400000, 0x00000000e8500000|  0%| F|  |TAMS 0x00000000e8400000| PB 0x00000000e8400000| Untracked 
| 133|0x00000000e8500000, 0x00000000e8500000, 0x00000000e8600000|  0%| F|  |TAMS 0x00000000e8500000| PB 0x00000000e8500000| Untracked 
| 134|0x00000000e8600000, 0x00000000e8600000, 0x00000000e8700000|  0%| F|  |TAMS 0x00000000e8600000| PB 0x00000000e8600000| Untracked 
| 135|0x00000000e8700000, 0x00000000e8700000, 0x00000000e8800000|  0%| F|  |TAMS 0x00000000e8700000| PB 0x00000000e8700000| Untracked 
| 136|0x00000000e8800000, 0x00000000e8800000, 0x00000000e8900000|  0%| F|  |TAMS 0x00000000e8800000| PB 0x00000000e8800000| Untracked 
| 137|0x00000000e8900000, 0x00000000e8900000, 0x00000000e8a00000|  0%| F|  |TAMS 0x00000000e8900000| PB 0x00000000e8900000| Untracked 
| 138|0x00000000e8a00000, 0x00000000e8a00000, 0x00000000e8b00000|  0%| F|  |TAMS 0x00000000e8a00000| PB 0x00000000e8a00000| Untracked 
| 139|0x00000000e8b00000, 0x00000000e8b00000, 0x00000000e8c00000|  0%| F|  |TAMS 0x00000000e8b00000| PB 0x00000000e8b00000| Untracked 
| 140|0x00000000e8c00000, 0x00000000e8c00000, 0x00000000e8d00000|  0%| F|  |TAMS 0x00000000e8c00000| PB 0x00000000e8c00000| Untracked 
| 141|0x00000000e8d00000, 0x00000000e8d00000, 0x00000000e8e00000|  0%| F|  |TAMS 0x00000000e8d00000| PB 0x00000000e8d00000| Untracked 
| 142|0x00000000e8e00000, 0x00000000e8e00000, 0x00000000e8f00000|  0%| F|  |TAMS 0x00000000e8e00000| PB 0x00000000e8e00000| Untracked 
| 143|0x00000000e8f00000, 0x00000000e8f00000, 0x00000000e9000000|  0%| F|  |TAMS 0x00000000e8f00000| PB 0x00000000e8f00000| Untracked 
| 144|0x00000000e9000000, 0x00000000e9000000, 0x00000000e9100000|  0%| F|  |TAMS 0x00000000e9000000| PB 0x00000000e9000000| Untracked 
| 145|0x00000000e9100000, 0x00000000e9100000, 0x00000000e9200000|  0%| F|  |TAMS 0x00000000e9100000| PB 0x00000000e9100000| Untracked 
| 146|0x00000000e9200000, 0x00000000e9200000, 0x00000000e9300000|  0%| F|  |TAMS 0x00000000e9200000| PB 0x00000000e9200000| Untracked 
| 147|0x00000000e9300000, 0x00000000e9300000, 0x00000000e9400000|  0%| F|  |TAMS 0x00000000e9300000| PB 0x00000000e9300000| Untracked 
| 148|0x00000000e9400000, 0x00000000e9400000, 0x00000000e9500000|  0%| F|  |TAMS 0x00000000e9400000| PB 0x00000000e9400000| Untracked 
| 149|0x00000000e9500000, 0x00000000e9500000, 0x00000000e9600000|  0%| F|  |TAMS 0x00000000e9500000| PB 0x00000000e9500000| Untracked 
| 150|0x00000000e9600000, 0x00000000e9600000, 0x00000000e9700000|  0%| F|  |TAMS 0x00000000e9600000| PB 0x00000000e9600000| Untracked 
| 151|0x00000000e9700000, 0x00000000e9700000, 0x00000000e9800000|  0%| F|  |TAMS 0x00000000e9700000| PB 0x00000000e9700000| Untracked 
| 152|0x00000000e9800000, 0x00000000e9800000, 0x00000000e9900000|  0%| F|  |TAMS 0x00000000e9800000| PB 0x00000000e9800000| Untracked 
| 153|0x00000000e9900000, 0x00000000e9900000, 0x00000000e9a00000|  0%| F|  |TAMS 0x00000000e9900000| PB 0x00000000e9900000| Untracked 
| 154|0x00000000e9a00000, 0x00000000e9a00000, 0x00000000e9b00000|  0%| F|  |TAMS 0x00000000e9a00000| PB 0x00000000e9a00000| Untracked 
| 155|0x00000000e9b00000, 0x00000000e9b00000, 0x00000000e9c00000|  0%| F|  |TAMS 0x00000000e9b00000| PB 0x00000000e9b00000| Untracked 
| 156|0x00000000e9c00000, 0x00000000e9c00000, 0x00000000e9d00000|  0%| F|  |TAMS 0x00000000e9c00000| PB 0x00000000e9c00000| Untracked 
| 157|0x00000000e9d00000, 0x00000000e9d00000, 0x00000000e9e00000|  0%| F|  |TAMS 0x00000000e9d00000| PB 0x00000000e9d00000| Untracked 
| 158|0x00000000e9e00000, 0x00000000e9e32fe8, 0x00000000e9f00000| 19%| S|CS|TAMS 0x00000000e9e00000| PB 0x00000000e9e00000| Complete 
| 159|0x00000000e9f00000, 0x00000000ea000000, 0x00000000ea000000|100%| S|CS|TAMS 0x00000000e9f00000| PB 0x00000000e9f00000| Complete 
| 160|0x00000000ea000000, 0x00000000ea100000, 0x00000000ea100000|100%| S|CS|TAMS 0x00000000ea000000| PB 0x00000000ea000000| Complete 
| 161|0x00000000ea100000, 0x00000000ea200000, 0x00000000ea200000|100%| S|CS|TAMS 0x00000000ea100000| PB 0x00000000ea100000| Complete 
| 162|0x00000000ea200000, 0x00000000ea300000, 0x00000000ea300000|100%| S|CS|TAMS 0x00000000ea200000| PB 0x00000000ea200000| Complete 
| 163|0x00000000ea300000, 0x00000000ea400000, 0x00000000ea400000|100%| S|CS|TAMS 0x00000000ea300000| PB 0x00000000ea300000| Complete 
| 164|0x00000000ea400000, 0x00000000ea500000, 0x00000000ea500000|100%| S|CS|TAMS 0x00000000ea400000| PB 0x00000000ea400000| Complete 
| 165|0x00000000ea500000, 0x00000000ea600000, 0x00000000ea600000|100%| S|CS|TAMS 0x00000000ea500000| PB 0x00000000ea500000| Complete 
| 166|0x00000000ea600000, 0x00000000ea700000, 0x00000000ea700000|100%| S|CS|TAMS 0x00000000ea600000| PB 0x00000000ea600000| Complete 
| 167|0x00000000ea700000, 0x00000000ea800000, 0x00000000ea800000|100%| S|CS|TAMS 0x00000000ea700000| PB 0x00000000ea700000| Complete 
| 168|0x00000000ea800000, 0x00000000ea900000, 0x00000000ea900000|100%| S|CS|TAMS 0x00000000ea800000| PB 0x00000000ea800000| Complete 
| 169|0x00000000ea900000, 0x00000000eaa00000, 0x00000000eaa00000|100%| S|CS|TAMS 0x00000000ea900000| PB 0x00000000ea900000| Complete 
| 170|0x00000000eaa00000, 0x00000000eab00000, 0x00000000eab00000|100%| S|CS|TAMS 0x00000000eaa00000| PB 0x00000000eaa00000| Complete 
| 171|0x00000000eab00000, 0x00000000eac00000, 0x00000000eac00000|100%| S|CS|TAMS 0x00000000eab00000| PB 0x00000000eab00000| Complete 
| 172|0x00000000eac00000, 0x00000000ead00000, 0x00000000ead00000|100%| S|CS|TAMS 0x00000000eac00000| PB 0x00000000eac00000| Complete 
| 173|0x00000000ead00000, 0x00000000ead00000, 0x00000000eae00000|  0%| F|  |TAMS 0x00000000ead00000| PB 0x00000000ead00000| Untracked 
| 174|0x00000000eae00000, 0x00000000eae00000, 0x00000000eaf00000|  0%| F|  |TAMS 0x00000000eae00000| PB 0x00000000eae00000| Untracked 
| 175|0x00000000eaf00000, 0x00000000eaf00000, 0x00000000eb000000|  0%| F|  |TAMS 0x00000000eaf00000| PB 0x00000000eaf00000| Untracked 
| 176|0x00000000eb000000, 0x00000000eb000000, 0x00000000eb100000|  0%| F|  |TAMS 0x00000000eb000000| PB 0x00000000eb000000| Untracked 
| 177|0x00000000eb100000, 0x00000000eb100000, 0x00000000eb200000|  0%| F|  |TAMS 0x00000000eb100000| PB 0x00000000eb100000| Untracked 
| 178|0x00000000eb200000, 0x00000000eb200000, 0x00000000eb300000|  0%| F|  |TAMS 0x00000000eb200000| PB 0x00000000eb200000| Untracked 
| 179|0x00000000eb300000, 0x00000000eb300000, 0x00000000eb400000|  0%| F|  |TAMS 0x00000000eb300000| PB 0x00000000eb300000| Untracked 
| 180|0x00000000eb400000, 0x00000000eb400000, 0x00000000eb500000|  0%| F|  |TAMS 0x00000000eb400000| PB 0x00000000eb400000| Untracked 
| 181|0x00000000eb500000, 0x00000000eb500000, 0x00000000eb600000|  0%| F|  |TAMS 0x00000000eb500000| PB 0x00000000eb500000| Untracked 
| 182|0x00000000eb600000, 0x00000000eb600000, 0x00000000eb700000|  0%| F|  |TAMS 0x00000000eb600000| PB 0x00000000eb600000| Untracked 
| 183|0x00000000eb700000, 0x00000000eb700000, 0x00000000eb800000|  0%| F|  |TAMS 0x00000000eb700000| PB 0x00000000eb700000| Untracked 
| 184|0x00000000eb800000, 0x00000000eb800000, 0x00000000eb900000|  0%| F|  |TAMS 0x00000000eb800000| PB 0x00000000eb800000| Untracked 
| 185|0x00000000eb900000, 0x00000000eb900000, 0x00000000eba00000|  0%| F|  |TAMS 0x00000000eb900000| PB 0x00000000eb900000| Untracked 
| 186|0x00000000eba00000, 0x00000000eba00000, 0x00000000ebb00000|  0%| F|  |TAMS 0x00000000eba00000| PB 0x00000000eba00000| Untracked 
| 187|0x00000000ebb00000, 0x00000000ebb00000, 0x00000000ebc00000|  0%| F|  |TAMS 0x00000000ebb00000| PB 0x00000000ebb00000| Untracked 
| 188|0x00000000ebc00000, 0x00000000ebc00000, 0x00000000ebd00000|  0%| F|  |TAMS 0x00000000ebc00000| PB 0x00000000ebc00000| Untracked 
| 189|0x00000000ebd00000, 0x00000000ebd00000, 0x00000000ebe00000|  0%| F|  |TAMS 0x00000000ebd00000| PB 0x00000000ebd00000| Untracked 
| 190|0x00000000ebe00000, 0x00000000ebe00000, 0x00000000ebf00000|  0%| F|  |TAMS 0x00000000ebe00000| PB 0x00000000ebe00000| Untracked 
| 191|0x00000000ebf00000, 0x00000000ebf00000, 0x00000000ec000000|  0%| F|  |TAMS 0x00000000ebf00000| PB 0x00000000ebf00000| Untracked 
| 192|0x00000000ec000000, 0x00000000ec000000, 0x00000000ec100000|  0%| F|  |TAMS 0x00000000ec000000| PB 0x00000000ec000000| Untracked 
| 193|0x00000000ec100000, 0x00000000ec100000, 0x00000000ec200000|  0%| F|  |TAMS 0x00000000ec100000| PB 0x00000000ec100000| Untracked 
| 194|0x00000000ec200000, 0x00000000ec200000, 0x00000000ec300000|  0%| F|  |TAMS 0x00000000ec200000| PB 0x00000000ec200000| Untracked 
| 195|0x00000000ec300000, 0x00000000ec300000, 0x00000000ec400000|  0%| F|  |TAMS 0x00000000ec300000| PB 0x00000000ec300000| Untracked 
| 196|0x00000000ec400000, 0x00000000ec400000, 0x00000000ec500000|  0%| F|  |TAMS 0x00000000ec400000| PB 0x00000000ec400000| Untracked 
| 197|0x00000000ec500000, 0x00000000ec500000, 0x00000000ec600000|  0%| F|  |TAMS 0x00000000ec500000| PB 0x00000000ec500000| Untracked 
| 198|0x00000000ec600000, 0x00000000ec600000, 0x00000000ec700000|  0%| F|  |TAMS 0x00000000ec600000| PB 0x00000000ec600000| Untracked 
| 199|0x00000000ec700000, 0x00000000ec700000, 0x00000000ec800000|  0%| F|  |TAMS 0x00000000ec700000| PB 0x00000000ec700000| Untracked 
| 200|0x00000000ec800000, 0x00000000ec800000, 0x00000000ec900000|  0%| F|  |TAMS 0x00000000ec800000| PB 0x00000000ec800000| Untracked 
| 201|0x00000000ec900000, 0x00000000ec900000, 0x00000000eca00000|  0%| F|  |TAMS 0x00000000ec900000| PB 0x00000000ec900000| Untracked 
| 202|0x00000000eca00000, 0x00000000eca00000, 0x00000000ecb00000|  0%| F|  |TAMS 0x00000000eca00000| PB 0x00000000eca00000| Untracked 
| 203|0x00000000ecb00000, 0x00000000ecb00000, 0x00000000ecc00000|  0%| F|  |TAMS 0x00000000ecb00000| PB 0x00000000ecb00000| Untracked 
| 204|0x00000000ecc00000, 0x00000000ecc00000, 0x00000000ecd00000|  0%| F|  |TAMS 0x00000000ecc00000| PB 0x00000000ecc00000| Untracked 
| 205|0x00000000ecd00000, 0x00000000ecd00000, 0x00000000ece00000|  0%| F|  |TAMS 0x00000000ecd00000| PB 0x00000000ecd00000| Untracked 
| 206|0x00000000ece00000, 0x00000000ece00000, 0x00000000ecf00000|  0%| F|  |TAMS 0x00000000ece00000| PB 0x00000000ece00000| Untracked 
| 207|0x00000000ecf00000, 0x00000000ecf00000, 0x00000000ed000000|  0%| F|  |TAMS 0x00000000ecf00000| PB 0x00000000ecf00000| Untracked 
| 208|0x00000000ed000000, 0x00000000ed000000, 0x00000000ed100000|  0%| F|  |TAMS 0x00000000ed000000| PB 0x00000000ed000000| Untracked 
| 209|0x00000000ed100000, 0x00000000ed100000, 0x00000000ed200000|  0%| F|  |TAMS 0x00000000ed100000| PB 0x00000000ed100000| Untracked 
| 210|0x00000000ed200000, 0x00000000ed200000, 0x00000000ed300000|  0%| F|  |TAMS 0x00000000ed200000| PB 0x00000000ed200000| Untracked 
| 211|0x00000000ed300000, 0x00000000ed300000, 0x00000000ed400000|  0%| F|  |TAMS 0x00000000ed300000| PB 0x00000000ed300000| Untracked 
| 212|0x00000000ed400000, 0x00000000ed400000, 0x00000000ed500000|  0%| F|  |TAMS 0x00000000ed400000| PB 0x00000000ed400000| Untracked 
| 213|0x00000000ed500000, 0x00000000ed500000, 0x00000000ed600000|  0%| F|  |TAMS 0x00000000ed500000| PB 0x00000000ed500000| Untracked 
| 214|0x00000000ed600000, 0x00000000ed600000, 0x00000000ed700000|  0%| F|  |TAMS 0x00000000ed600000| PB 0x00000000ed600000| Untracked 
| 215|0x00000000ed700000, 0x00000000ed700000, 0x00000000ed800000|  0%| F|  |TAMS 0x00000000ed700000| PB 0x00000000ed700000| Untracked 
| 216|0x00000000ed800000, 0x00000000ed800000, 0x00000000ed900000|  0%| F|  |TAMS 0x00000000ed800000| PB 0x00000000ed800000| Untracked 
| 217|0x00000000ed900000, 0x00000000ed900000, 0x00000000eda00000|  0%| F|  |TAMS 0x00000000ed900000| PB 0x00000000ed900000| Untracked 
| 218|0x00000000eda00000, 0x00000000eda00000, 0x00000000edb00000|  0%| F|  |TAMS 0x00000000eda00000| PB 0x00000000eda00000| Untracked 
| 219|0x00000000edb00000, 0x00000000edb00000, 0x00000000edc00000|  0%| F|  |TAMS 0x00000000edb00000| PB 0x00000000edb00000| Untracked 
| 220|0x00000000edc00000, 0x00000000edc00000, 0x00000000edd00000|  0%| F|  |TAMS 0x00000000edc00000| PB 0x00000000edc00000| Untracked 
| 221|0x00000000edd00000, 0x00000000edd00000, 0x00000000ede00000|  0%| F|  |TAMS 0x00000000edd00000| PB 0x00000000edd00000| Untracked 
| 222|0x00000000ede00000, 0x00000000ede00000, 0x00000000edf00000|  0%| F|  |TAMS 0x00000000ede00000| PB 0x00000000ede00000| Untracked 
| 223|0x00000000edf00000, 0x00000000edf00000, 0x00000000ee000000|  0%| F|  |TAMS 0x00000000edf00000| PB 0x00000000edf00000| Untracked 
| 224|0x00000000ee000000, 0x00000000ee000000, 0x00000000ee100000|  0%| F|  |TAMS 0x00000000ee000000| PB 0x00000000ee000000| Untracked 
| 225|0x00000000ee100000, 0x00000000ee100000, 0x00000000ee200000|  0%| F|  |TAMS 0x00000000ee100000| PB 0x00000000ee100000| Untracked 
| 226|0x00000000ee200000, 0x00000000ee200000, 0x00000000ee300000|  0%| F|  |TAMS 0x00000000ee200000| PB 0x00000000ee200000| Untracked 
| 227|0x00000000ee300000, 0x00000000ee300000, 0x00000000ee400000|  0%| F|  |TAMS 0x00000000ee300000| PB 0x00000000ee300000| Untracked 
| 228|0x00000000ee400000, 0x00000000ee400000, 0x00000000ee500000|  0%| F|  |TAMS 0x00000000ee400000| PB 0x00000000ee400000| Untracked 
| 229|0x00000000ee500000, 0x00000000ee500000, 0x00000000ee600000|  0%| F|  |TAMS 0x00000000ee500000| PB 0x00000000ee500000| Untracked 
| 230|0x00000000ee600000, 0x00000000ee600000, 0x00000000ee700000|  0%| F|  |TAMS 0x00000000ee600000| PB 0x00000000ee600000| Untracked 
| 231|0x00000000ee700000, 0x00000000ee700000, 0x00000000ee800000|  0%| F|  |TAMS 0x00000000ee700000| PB 0x00000000ee700000| Untracked 
| 232|0x00000000ee800000, 0x00000000ee800000, 0x00000000ee900000|  0%| F|  |TAMS 0x00000000ee800000| PB 0x00000000ee800000| Untracked 
| 233|0x00000000ee900000, 0x00000000ee900000, 0x00000000eea00000|  0%| F|  |TAMS 0x00000000ee900000| PB 0x00000000ee900000| Untracked 
| 234|0x00000000eea00000, 0x00000000eea00000, 0x00000000eeb00000|  0%| F|  |TAMS 0x00000000eea00000| PB 0x00000000eea00000| Untracked 
| 235|0x00000000eeb00000, 0x00000000eeb00000, 0x00000000eec00000|  0%| F|  |TAMS 0x00000000eeb00000| PB 0x00000000eeb00000| Untracked 
| 236|0x00000000eec00000, 0x00000000eec00000, 0x00000000eed00000|  0%| F|  |TAMS 0x00000000eec00000| PB 0x00000000eec00000| Untracked 
| 237|0x00000000eed00000, 0x00000000eed00000, 0x00000000eee00000|  0%| F|  |TAMS 0x00000000eed00000| PB 0x00000000eed00000| Untracked 
| 238|0x00000000eee00000, 0x00000000eee00000, 0x00000000eef00000|  0%| F|  |TAMS 0x00000000eee00000| PB 0x00000000eee00000| Untracked 
| 239|0x00000000eef00000, 0x00000000eef00000, 0x00000000ef000000|  0%| F|  |TAMS 0x00000000eef00000| PB 0x00000000eef00000| Untracked 
| 240|0x00000000ef000000, 0x00000000ef000000, 0x00000000ef100000|  0%| F|  |TAMS 0x00000000ef000000| PB 0x00000000ef000000| Untracked 
| 241|0x00000000ef100000, 0x00000000ef100000, 0x00000000ef200000|  0%| F|  |TAMS 0x00000000ef100000| PB 0x00000000ef100000| Untracked 
| 242|0x00000000ef200000, 0x00000000ef200000, 0x00000000ef300000|  0%| F|  |TAMS 0x00000000ef200000| PB 0x00000000ef200000| Untracked 
| 243|0x00000000ef300000, 0x00000000ef300000, 0x00000000ef400000|  0%| F|  |TAMS 0x00000000ef300000| PB 0x00000000ef300000| Untracked 
| 244|0x00000000ef400000, 0x00000000ef400000, 0x00000000ef500000|  0%| F|  |TAMS 0x00000000ef400000| PB 0x00000000ef400000| Untracked 
| 245|0x00000000ef500000, 0x00000000ef500000, 0x00000000ef600000|  0%| F|  |TAMS 0x00000000ef500000| PB 0x00000000ef500000| Untracked 
| 246|0x00000000ef600000, 0x00000000ef600000, 0x00000000ef700000|  0%| F|  |TAMS 0x00000000ef600000| PB 0x00000000ef600000| Untracked 
| 247|0x00000000ef700000, 0x00000000ef700000, 0x00000000ef800000|  0%| F|  |TAMS 0x00000000ef700000| PB 0x00000000ef700000| Untracked 
| 248|0x00000000ef800000, 0x00000000ef800000, 0x00000000ef900000|  0%| F|  |TAMS 0x00000000ef800000| PB 0x00000000ef800000| Untracked 
| 249|0x00000000ef900000, 0x00000000ef900000, 0x00000000efa00000|  0%| F|  |TAMS 0x00000000ef900000| PB 0x00000000ef900000| Untracked 
| 250|0x00000000efa00000, 0x00000000efa00000, 0x00000000efb00000|  0%| F|  |TAMS 0x00000000efa00000| PB 0x00000000efa00000| Untracked 
| 251|0x00000000efb00000, 0x00000000efc00000, 0x00000000efc00000|100%| E|  |TAMS 0x00000000efb00000| PB 0x00000000efb00000| Complete 
| 252|0x00000000efc00000, 0x00000000efd00000, 0x00000000efd00000|100%| E|CS|TAMS 0x00000000efc00000| PB 0x00000000efc00000| Complete 
| 253|0x00000000efd00000, 0x00000000efe00000, 0x00000000efe00000|100%| E|CS|TAMS 0x00000000efd00000| PB 0x00000000efd00000| Complete 
| 254|0x00000000efe00000, 0x00000000eff00000, 0x00000000eff00000|100%| E|CS|TAMS 0x00000000efe00000| PB 0x00000000efe00000| Complete 
| 255|0x00000000eff00000, 0x00000000f0000000, 0x00000000f0000000|100%| E|CS|TAMS 0x00000000eff00000| PB 0x00000000eff00000| Complete 

Card table byte_map: [0x000001fd44b90000,0x000001fd44c90000] _byte_map_base: 0x000001fd44490000

Marking Bits: (CMBitMap*) 0x000001fd2cde4e20
 Bits: [0x000001fd44c90000, 0x000001fd45490000)

Polling page: 0x000001fd2ace0000

Metaspace:

Usage:
  Non-class:     17.84 MB used.
      Class:      3.04 MB used.
       Both:     20.87 MB used.

Virtual space:
  Non-class space:       64.00 MB reserved,      18.25 MB ( 29%) committed,  1 nodes.
      Class space:      320.00 MB reserved,       3.38 MB (  1%) committed,  1 nodes.
             Both:      384.00 MB reserved,      21.62 MB (  6%) committed. 

Chunk freelists:
   Non-Class:  13.06 MB
       Class:  12.67 MB
        Both:  25.73 MB

MaxMetaspaceSize: 384.00 MB
CompressedClassSpaceSize: 320.00 MB
Initial GC threshold: 21.00 MB
Current GC threshold: 35.12 MB
CDS: on
 - commit_granule_bytes: 65536.
 - commit_granule_words: 8192.
 - virtual_space_node_default_size: 8388608.
 - enlarge_chunks_in_place: 1.
 - use_allocation_guard: 0.


Internal statistics:

num_allocs_failed_limit: 3.
num_arena_births: 1000.
num_arena_deaths: 0.
num_vsnodes_births: 2.
num_vsnodes_deaths: 0.
num_space_committed: 346.
num_space_uncommitted: 0.
num_chunks_returned_to_freelist: 3.
num_chunks_taken_from_freelist: 1879.
num_chunk_merges: 3.
num_chunk_splits: 1202.
num_chunks_enlarged: 759.
num_inconsistent_stats: 0.

CodeHeap 'non-profiled nmethods': size=119168Kb used=1655Kb max_used=1655Kb free=117512Kb
 bounds [0x000001fd3cda0000, 0x000001fd3d010000, 0x000001fd44200000]
CodeHeap 'profiled nmethods': size=119104Kb used=6891Kb max_used=6891Kb free=112212Kb
 bounds [0x000001fd35200000, 0x000001fd358c0000, 0x000001fd3c650000]
CodeHeap 'non-nmethods': size=7488Kb used=3191Kb max_used=3249Kb free=4296Kb
 bounds [0x000001fd3c650000, 0x000001fd3c990000, 0x000001fd3cda0000]
 total_blobs=3872 nmethods=3290 adapters=483
 compilation: enabled
              stopped_count=0, restarted_count=0
 full_count=0

Compilation events (20 events):
Event: 9.024 Thread 0x000001fd62a5bd30 nmethod 3157 0x000001fd35846010 code [0x000001fd358461a0, 0x000001fd358462c0]
Event: 9.026 Thread 0x000001fd48499360 nmethod 3152 0x000001fd35846390 code [0x000001fd35846c40, 0x000001fd3584df68]
Event: 9.092 Thread 0x000001fd62a5bd30 3158       3       jdk.internal.reflect.ConstantPool::getIntAt (10 bytes)
Event: 9.093 Thread 0x000001fd62a5bd30 nmethod 3158 0x000001fd35851390 code [0x000001fd35851540, 0x000001fd35851688]
Event: 9.097 Thread 0x000001fd4855e940 3160       3       java.lang.String::<init> (74 bytes)
Event: 9.097 Thread 0x000001fd62414600 3161       3       java.util.stream.StreamOpFlag::combineOpFlags (9 bytes)
Event: 9.097 Thread 0x000001fd48499360 3162       3       java.util.stream.StreamOpFlag::getMask (30 bytes)
Event: 9.097 Thread 0x000001fd62a5bd30 3163       3       java.util.stream.StreamOpFlag::fromCharacteristics (37 bytes)
Event: 9.098 Thread 0x000001fd62414600 nmethod 3161 0x000001fd35851710 code [0x000001fd358518c0, 0x000001fd35851a80]
Event: 9.098 Thread 0x000001fd48499360 nmethod 3162 0x000001fd35851b10 code [0x000001fd35851cc0, 0x000001fd35851e40]
Event: 9.098 Thread 0x000001fd4855e940 nmethod 3160 0x000001fd35851f10 code [0x000001fd35852100, 0x000001fd35852510]
Event: 9.098 Thread 0x000001fd62414600 3164       3       java.util.stream.AbstractPipeline::<init> (55 bytes)
Event: 9.098 Thread 0x000001fd62a5bd30 nmethod 3163 0x000001fd35852610 code [0x000001fd358527e0, 0x000001fd35852b18]
Event: 9.098 Thread 0x000001fd48499360 3165       3       java.util.stream.StreamSupport::stream (19 bytes)
Event: 9.098 Thread 0x000001fd4855e940 3166       3       java.util.stream.ReferencePipeline$Head::<init> (8 bytes)
Event: 9.099 Thread 0x000001fd62a5bd30 3167       3       java.util.stream.ReferencePipeline::<init> (8 bytes)
Event: 9.099 Thread 0x000001fd62414600 nmethod 3164 0x000001fd35852c10 code [0x000001fd35852dc0, 0x000001fd35853098]
Event: 9.099 Thread 0x000001fd48499360 nmethod 3165 0x000001fd35853190 code [0x000001fd35853380, 0x000001fd358537c0]
Event: 9.099 Thread 0x000001fd4855e940 nmethod 3166 0x000001fd35853990 code [0x000001fd35853b40, 0x000001fd35853cd8]
Event: 9.099 Thread 0x000001fd62a5bd30 nmethod 3167 0x000001fd35853d90 code [0x000001fd35853f40, 0x000001fd35854080]

GC Heap History (6 events):
Event: 1.277 GC heap before
{Heap before GC invocations=0 (full 0):
 garbage-first heap   total 262144K, used 22528K [0x00000000e0000000, 0x0000000100000000)
  region size 1024K, 23 young (23552K), 0 survivors (0K)
 Metaspace       used 966K, committed 1088K, reserved 393216K
  class space    used 74K, committed 128K, reserved 327680K
}
Event: 1.285 GC heap after
{Heap after GC invocations=1 (full 0):
 garbage-first heap   total 262144K, used 1717K [0x00000000e0000000, 0x0000000100000000)
  region size 1024K, 2 young (2048K), 2 survivors (2048K)
 Metaspace       used 966K, committed 1088K, reserved 393216K
  class space    used 74K, committed 128K, reserved 327680K
}
Event: 3.205 GC heap before
{Heap before GC invocations=1 (full 0):
 garbage-first heap   total 262144K, used 41653K [0x00000000e0000000, 0x0000000100000000)
  region size 1024K, 39 young (39936K), 2 survivors (2048K)
 Metaspace       used 4528K, committed 4672K, reserved 393216K
  class space    used 556K, committed 640K, reserved 327680K
}
Event: 3.211 GC heap after
{Heap after GC invocations=2 (full 0):
 garbage-first heap   total 262144K, used 11249K [0x00000000e0000000, 0x0000000100000000)
  region size 1024K, 5 young (5120K), 5 survivors (5120K)
 Metaspace       used 4528K, committed 4672K, reserved 393216K
  class space    used 556K, committed 640K, reserved 327680K
}
Event: 6.101 GC heap before
{Heap before GC invocations=2 (full 0):
 garbage-first heap   total 262144K, used 78833K [0x00000000e0000000, 0x0000000100000000)
  region size 1024K, 69 young (70656K), 5 survivors (5120K)
 Metaspace       used 9464K, committed 9792K, reserved 393216K
  class space    used 1241K, committed 1408K, reserved 327680K
}
Event: 6.115 GC heap after
{Heap after GC invocations=3 (full 0):
 garbage-first heap   total 262144K, used 18864K [0x00000000e0000000, 0x0000000100000000)
  region size 1024K, 9 young (9216K), 9 survivors (9216K)
 Metaspace       used 9464K, committed 9792K, reserved 393216K
  class space    used 1241K, committed 1408K, reserved 327680K
}

Dll operation events (15 events):
Event: 0.028 Loaded shared library C:\Users\jy829\.jdks\openjdk-21.0.1\bin\java.dll
Event: 0.094 Loaded shared library C:\Users\jy829\.jdks\openjdk-21.0.1\bin\jsvml.dll
Event: 0.160 Loaded shared library C:\Users\jy829\.jdks\openjdk-21.0.1\bin\zip.dll
Event: 0.169 Loaded shared library C:\Users\jy829\.jdks\openjdk-21.0.1\bin\instrument.dll
Event: 0.177 Loaded shared library C:\Users\jy829\.jdks\openjdk-21.0.1\bin\net.dll
Event: 0.184 Loaded shared library C:\Users\jy829\.jdks\openjdk-21.0.1\bin\nio.dll
Event: 0.189 Loaded shared library C:\Users\jy829\.jdks\openjdk-21.0.1\bin\zip.dll
Event: 1.217 Loaded shared library C:\Users\jy829\.jdks\openjdk-21.0.1\bin\jimage.dll
Event: 1.773 Loaded shared library C:\Users\jy829\.jdks\openjdk-21.0.1\bin\verify.dll
Event: 1.938 Loaded shared library C:\Users\jy829\.gradle\native\1def1411415f61bf3af743bc5b6707747c0891f09f0c88961ee8f79bc544acac\windows-amd64\native-platform.dll
Event: 1.958 Loaded shared library C:\Users\jy829\.gradle\native\0.2.7\x86_64-windows-gnu\gradle-fileevents.dll
Event: 5.016 Loaded shared library C:\Users\jy829\.jdks\openjdk-21.0.1\bin\management.dll
Event: 5.024 Loaded shared library C:\Users\jy829\.jdks\openjdk-21.0.1\bin\management_ext.dll
Event: 5.378 Loaded shared library C:\Users\jy829\.jdks\openjdk-21.0.1\bin\extnet.dll
Event: 6.278 Loaded shared library C:\Users\jy829\.jdks\openjdk-21.0.1\bin\sunmscapi.dll

Deoptimization events (20 events):
Event: 7.907 Thread 0x000001fd48590200 DEOPT PACKING pc=0x000001fd3cdc1ed4 sp=0x0000004b048fb410
Event: 7.907 Thread 0x000001fd48590200 DEOPT UNPACKING pc=0x000001fd3c6a46a2 sp=0x0000004b048fb3b8 mode 2
Event: 7.913 Thread 0x000001fd48590200 Uncommon trap: trap_request=0xffffff45 fr.pc=0x000001fd3ce30448 relative=0x00000000000005e8
Event: 7.913 Thread 0x000001fd48590200 Uncommon trap: reason=unstable_if action=reinterpret pc=0x000001fd3ce30448 method=java.io.File.getName()Ljava/lang/String; @ 16 c2
Event: 7.913 Thread 0x000001fd48590200 DEOPT PACKING pc=0x000001fd3ce30448 sp=0x0000004b048fb3e0
Event: 7.913 Thread 0x000001fd48590200 DEOPT UNPACKING pc=0x000001fd3c6a46a2 sp=0x0000004b048fb3b0 mode 2
Event: 8.019 Thread 0x000001fd48590200 Uncommon trap: trap_request=0xffffff45 fr.pc=0x000001fd3cdc8294 relative=0x00000000000000f4
Event: 8.019 Thread 0x000001fd48590200 Uncommon trap: reason=unstable_if action=reinterpret pc=0x000001fd3cdc8294 method=java.util.HashMap.hash(Ljava/lang/Object;)I @ 1 c2
Event: 8.020 Thread 0x000001fd48590200 DEOPT PACKING pc=0x000001fd3cdc8294 sp=0x0000004b048fc480
Event: 8.020 Thread 0x000001fd48590200 DEOPT UNPACKING pc=0x000001fd3c6a46a2 sp=0x0000004b048fc3c0 mode 2
Event: 8.190 Thread 0x000001fd48590200 DEOPT PACKING pc=0x000001fd356fd481 sp=0x0000004b048fcae0
Event: 8.190 Thread 0x000001fd48590200 DEOPT UNPACKING pc=0x000001fd3c6a4e42 sp=0x0000004b048fbff0 mode 0
Event: 8.431 Thread 0x000001fd48590200 DEOPT PACKING pc=0x000001fd356fd481 sp=0x0000004b048f6c00
Event: 8.431 Thread 0x000001fd48590200 DEOPT UNPACKING pc=0x000001fd3c6a4e42 sp=0x0000004b048f6110 mode 0
Event: 8.471 Thread 0x000001fd48590200 DEOPT PACKING pc=0x000001fd356fd4a2 sp=0x0000004b048f9d20
Event: 8.471 Thread 0x000001fd48590200 DEOPT UNPACKING pc=0x000001fd3c6a4e42 sp=0x0000004b048f9230 mode 0
Event: 8.493 Thread 0x000001fd48590200 DEOPT PACKING pc=0x000001fd356fd481 sp=0x0000004b048f8150
Event: 8.493 Thread 0x000001fd48590200 DEOPT UNPACKING pc=0x000001fd3c6a4e42 sp=0x0000004b048f7660 mode 0
Event: 8.992 Thread 0x000001fd48590200 DEOPT PACKING pc=0x000001fd356fd4a2 sp=0x0000004b048fc600
Event: 8.992 Thread 0x000001fd48590200 DEOPT UNPACKING pc=0x000001fd3c6a4e42 sp=0x0000004b048fbb10 mode 0

Classes loaded (20 events):
Event: 8.664 Loading class java/io/ObjectOutput done
Event: 8.664 Loading class java/io/ObjectStreamConstants
Event: 8.664 Loading class java/io/ObjectStreamConstants done
Event: 8.664 Loading class java/io/ObjectOutputStream done
Event: 8.665 Loading class java/io/ObjectInputStream
Event: 8.666 Loading class java/io/ObjectInput
Event: 8.666 Loading class java/io/ObjectInput done
Event: 8.666 Loading class java/io/ObjectInputStream done
Event: 9.055 Loading class javax/xml/parsers/ParserConfigurationException
Event: 9.055 Loading class javax/xml/parsers/ParserConfigurationException done
Event: 9.055 Loading class org/xml/sax/SAXException
Event: 9.055 Loading class org/xml/sax/SAXException done
Event: 9.055 Loading class javax/xml/xpath/XPathExpressionException
Event: 9.055 Loading class javax/xml/xpath/XPathException
Event: 9.056 Loading class javax/xml/xpath/XPathException done
Event: 9.056 Loading class javax/xml/xpath/XPathExpressionException done
Event: 9.056 Loading class org/xml/sax/ErrorHandler
Event: 9.056 Loading class org/xml/sax/ErrorHandler done
Event: 9.072 Loading class java/nio/file/AtomicMoveNotSupportedException
Event: 9.072 Loading class java/nio/file/AtomicMoveNotSupportedException done

Classes unloaded (0 events):
No events

Classes redefined (0 events):
No events

Internal exceptions (20 events):
Event: 8.050 Thread 0x000001fd48590200 Exception <a 'java/lang/NoSuchMethodError'{0x00000000ed92f520}: 'int java.lang.invoke.DirectMethodHandle$Holder.invokeStatic(java.lang.Object, java.lang.Object, java.lang.Object, java.lang.Object)'> (0x00000000ed92f520) 
thrown [s\open\src\hotspot\share\interpreter\linkResolver.cpp, line 773]
Event: 8.154 Thread 0x000001fd48590200 Exception <a 'java/lang/NoSuchMethodError'{0x00000000ed7d48e0}: 'java.lang.Object java.lang.invoke.DelegatingMethodHandle$Holder.reinvoke_L(java.lang.Object, java.lang.Object, java.lang.Object, java.lang.Object, java.lang.Object, java.lang.Object, java.lang.Object, java.lang.Object, java.lang.Object, java.lang.Object, java.lang.Object, java.lang.Object, java.lang.Object, java.lang.Object, java.lang.Object, java.lang.Object, java.lang.Object, java.lang.Object, java.lang.Object, java.lang.Object, java.lang.O
Event: 8.166 Thread 0x000001fd48590200 Exception <a 'java/lang/NoSuchMethodError'{0x00000000ed6430c8}: 'java.lang.Object java.lang.invoke.DirectMethodHandle$Holder.invokeStatic(java.lang.Object, java.lang.Object, java.lang.Object, java.lang.Object, java.lang.Object, java.lang.Object, java.lang.Object, java.lang.Object, java.lang.Object, java.lang.Object, java.lang.Object, java.lang.Object, java.lang.Object, java.lang.Object, java.lang.Object, java.lang.Object, java.lang.Object)'> (0x00000000ed6430c8) 
thrown [s\open\src\hotspot\share\interprete
Event: 8.170 Thread 0x000001fd48590200 Exception <a 'java/lang/NoSuchMethodError'{0x00000000ed66b8a8}: 'java.lang.Object java.lang.invoke.DirectMethodHandle$Holder.invokeStatic(java.lang.Object, java.lang.Object, java.lang.Object, java.lang.Object, java.lang.Object, java.lang.Object, java.lang.Object, java.lang.Object, java.lang.Object, java.lang.Object, java.lang.Object, java.lang.Object, java.lang.Object, java.lang.Object, java.lang.Object, java.lang.Object, java.lang.Object, java.lang.Object)'> (0x00000000ed66b8a8) 
thrown [s\open\src\hotspo
Event: 8.172 Thread 0x000001fd48590200 Exception <a 'java/lang/NoSuchMethodError'{0x00000000ed695758}: 'java.lang.Object java.lang.invoke.DirectMethodHandle$Holder.invokeStatic(java.lang.Object, java.lang.Object, java.lang.Object, java.lang.Object, java.lang.Object, java.lang.Object, java.lang.Object, java.lang.Object, java.lang.Object, java.lang.Object, java.lang.Object, java.lang.Object, java.lang.Object, java.lang.Object, java.lang.Object, java.lang.Object, java.lang.Object, java.lang.Object, java.lang.Object)'> (0x00000000ed695758) 
thrown 
Event: 8.177 Thread 0x000001fd48590200 Exception <a 'java/lang/NoSuchMethodError'{0x00000000ed6c09f8}: 'java.lang.Object java.lang.invoke.DirectMethodHandle$Holder.invokeStatic(java.lang.Object, java.lang.Object, java.lang.Object, java.lang.Object, java.lang.Object, java.lang.Object, java.lang.Object, java.lang.Object, java.lang.Object, java.lang.Object, java.lang.Object, java.lang.Object, java.lang.Object, java.lang.Object, java.lang.Object, java.lang.Object, java.lang.Object, java.lang.Object, java.lang.Object, java.lang.Object)'> (0x00000000
Event: 8.182 Thread 0x000001fd48590200 Exception <a 'java/lang/NoSuchMethodError'{0x00000000ed6ecc68}: 'java.lang.Object java.lang.invoke.DirectMethodHandle$Holder.invokeStatic(java.lang.Object, java.lang.Object, java.lang.Object, java.lang.Object, java.lang.Object, java.lang.Object, java.lang.Object, java.lang.Object, java.lang.Object, java.lang.Object, java.lang.Object, java.lang.Object, java.lang.Object, java.lang.Object, java.lang.Object, java.lang.Object, java.lang.Object, java.lang.Object, java.lang.Object, java.lang.Object, java.lang.Obj
Event: 8.187 Thread 0x000001fd48590200 Exception <a 'java/lang/NoSuchMethodError'{0x00000000ed51a778}: 'java.lang.Object java.lang.invoke.DirectMethodHandle$Holder.invokeStatic(java.lang.Object, java.lang.Object, java.lang.Object, java.lang.Object, java.lang.Object, java.lang.Object, java.lang.Object, java.lang.Object, java.lang.Object, java.lang.Object, java.lang.Object, java.lang.Object, java.lang.Object, java.lang.Object, java.lang.Object, java.lang.Object, java.lang.Object, java.lang.Object, java.lang.Object, java.lang.Object, java.lang.Obj
Event: 8.191 Thread 0x000001fd48590200 Exception <a 'java/lang/NoSuchMethodError'{0x00000000ed54ea80}: 'java.lang.Object java.lang.invoke.DirectMethodHandle$Holder.invokeStatic(java.lang.Object, java.lang.Object, java.lang.Object, java.lang.Object, java.lang.Object, java.lang.Object, java.lang.Object, java.lang.Object, java.lang.Object, java.lang.Object, java.lang.Object, java.lang.Object, java.lang.Object, java.lang.Object, java.lang.Object, java.lang.Object, java.lang.Object, java.lang.Object, java.lang.Object, java.lang.Object, java.lang.Obj
Event: 8.202 Thread 0x000001fd48590200 Exception <a 'java/lang/NoSuchMethodError'{0x00000000ed57df70}: 'java.lang.Object java.lang.invoke.DirectMethodHandle$Holder.invokeStatic(java.lang.Object, java.lang.Object, java.lang.Object, java.lang.Object, java.lang.Object, java.lang.Object, java.lang.Object, java.lang.Object, java.lang.Object, java.lang.Object, java.lang.Object, java.lang.Object, java.lang.Object, java.lang.Object, java.lang.Object, java.lang.Object, java.lang.Object, java.lang.Object, java.lang.Object, java.lang.Object, java.lang.Obj
Event: 8.206 Thread 0x000001fd48590200 Exception <a 'java/lang/NoSuchMethodError'{0x00000000ed5ae400}: 'java.lang.Object java.lang.invoke.DirectMethodHandle$Holder.invokeStatic(java.lang.Object, java.lang.Object, java.lang.Object, java.lang.Object, java.lang.Object, java.lang.Object, java.lang.Object, java.lang.Object, java.lang.Object, java.lang.Object, java.lang.Object, java.lang.Object, java.lang.Object, java.lang.Object, java.lang.Object, java.lang.Object, java.lang.Object, java.lang.Object, java.lang.Object, java.lang.Object, java.lang.Obj
Event: 8.211 Thread 0x000001fd48590200 Exception <a 'java/lang/NoSuchMethodError'{0x00000000ed5dec70}: 'java.lang.Object java.lang.invoke.DirectMethodHandle$Holder.invokeStatic(java.lang.Object, java.lang.Object, java.lang.Object, java.lang.Object, java.lang.Object, java.lang.Object, java.lang.Object, java.lang.Object, java.lang.Object, java.lang.Object, java.lang.Object, java.lang.Object, java.lang.Object, java.lang.Object, java.lang.Object, java.lang.Object, java.lang.Object, java.lang.Object, java.lang.Object, java.lang.Object, java.lang.Obj
Event: 8.225 Thread 0x000001fd48590200 Exception <a 'java/lang/NoSuchMethodError'{0x00000000ed411e90}: 'java.lang.Object java.lang.invoke.DirectMethodHandle$Holder.invokeStatic(java.lang.Object, java.lang.Object, java.lang.Object, java.lang.Object, java.lang.Object, java.lang.Object, java.lang.Object, java.lang.Object, java.lang.Object, java.lang.Object, java.lang.Object, java.lang.Object, java.lang.Object, java.lang.Object, java.lang.Object, java.lang.Object, java.lang.Object, java.lang.Object, java.lang.Object, java.lang.Object, java.lang.Obj
Event: 8.278 Thread 0x000001fd48590200 Exception <a 'java/lang/IncompatibleClassChangeError'{0x00000000ed33b750}: Found class java.lang.Object, but interface was expected> (0x00000000ed33b750) 
thrown [s\open\src\hotspot\share\interpreter\linkResolver.cpp, line 840]
Event: 8.636 Thread 0x000001fd48590200 Exception <a 'java/lang/IncompatibleClassChangeError'{0x00000000ec83e240}: Found class java.lang.Object, but interface was expected> (0x00000000ec83e240) 
thrown [s\open\src\hotspot\share\interpreter\linkResolver.cpp, line 840]
Event: 8.643 Thread 0x000001fd48590200 Exception <a 'java/lang/NoSuchMethodError'{0x00000000ec868fa0}: 'java.lang.Object java.lang.invoke.DirectMethodHandle$Holder.newInvokeSpecial(java.lang.Object, java.lang.Object, java.lang.Object, java.lang.Object, java.lang.Object, java.lang.Object, java.lang.Object, java.lang.Object, java.lang.Object, java.lang.Object)'> (0x00000000ec868fa0) 
thrown [s\open\src\hotspot\share\interpreter\linkResolver.cpp, line 773]
Event: 8.713 Thread 0x000001fd48590200 Exception <a 'java/lang/NoSuchMethodError'{0x00000000ec6f16c0}: 'int java.lang.invoke.DirectMethodHandle$Holder.invokeStaticInit(java.lang.Object, java.lang.Object, java.lang.Object)'> (0x00000000ec6f16c0) 
thrown [s\open\src\hotspot\share\interpreter\linkResolver.cpp, line 773]
Event: 8.742 Thread 0x000001fd48590200 Exception <a 'java/lang/NoSuchMethodError'{0x00000000ec42fd98}: 'java.lang.Object java.lang.invoke.DirectMethodHandle$Holder.invokeVirtual(java.lang.Object, java.lang.Object, java.lang.Object, java.lang.Object, java.lang.Object, java.lang.Object, java.lang.Object, java.lang.Object, java.lang.Object, java.lang.Object, java.lang.Object)'> (0x00000000ec42fd98) 
thrown [s\open\src\hotspot\share\interpreter\linkResolver.cpp, line 773]
Event: 8.814 Thread 0x000001fd48590200 Exception <a 'java/lang/NoSuchMethodError'{0x00000000ec0218b0}: 'void java.lang.invoke.DirectMethodHandle$Holder.invokeVirtual(java.lang.Object, java.lang.Object, java.lang.Object, java.lang.Object, java.lang.Object)'> (0x00000000ec0218b0) 
thrown [s\open\src\hotspot\share\interpreter\linkResolver.cpp, line 773]
Event: 9.004 Thread 0x000001fd48590200 Exception <a 'java/lang/NoSuchMethodError'{0x00000000eb1d30e0}: 'java.lang.Object java.lang.invoke.DirectMethodHandle$Holder.invokeVirtual(java.lang.Object, java.lang.Object, java.lang.Object, java.lang.Object, java.lang.Object, java.lang.Object, java.lang.Object, java.lang.Object, java.lang.Object, java.lang.Object, java.lang.Object, java.lang.Object, java.lang.Object, java.lang.Object, java.lang.Object, java.lang.Object, java.lang.Object, java.lang.Object, java.lang.Object, java.lang.Object, java.lang.Ob

ZGC Phase Switch (0 events):
No events

VM Operations (20 events):
Event: 5.443 Executing VM operation: HandshakeAllThreads (Deoptimize)
Event: 5.443 Executing VM operation: HandshakeAllThreads (Deoptimize) done
Event: 5.554 Executing VM operation: HandshakeAllThreads (Deoptimize)
Event: 5.554 Executing VM operation: HandshakeAllThreads (Deoptimize) done
Event: 5.757 Executing VM operation: HandshakeAllThreads (Deoptimize)
Event: 5.757 Executing VM operation: HandshakeAllThreads (Deoptimize) done
Event: 6.101 Executing VM operation: G1CollectForAllocation (G1 Evacuation Pause)
Event: 6.115 Executing VM operation: G1CollectForAllocation (G1 Evacuation Pause) done
Event: 6.181 Executing VM operation: HandshakeAllThreads (Deoptimize)
Event: 6.181 Executing VM operation: HandshakeAllThreads (Deoptimize) done
Event: 7.188 Executing VM operation: Cleanup
Event: 7.188 Executing VM operation: Cleanup done
Event: 7.624 Executing VM operation: HandshakeAllThreads (Deoptimize)
Event: 7.624 Executing VM operation: HandshakeAllThreads (Deoptimize) done
Event: 8.246 Executing VM operation: HandshakeAllThreads (Deoptimize)
Event: 8.246 Executing VM operation: HandshakeAllThreads (Deoptimize) done
Event: 8.246 Executing VM operation: Cleanup
Event: 8.246 Executing VM operation: Cleanup done
Event: 8.247 Executing VM operation: HandshakeAllThreads (Deoptimize)
Event: 8.247 Executing VM operation: HandshakeAllThreads (Deoptimize) done

Events (20 events):
Event: 5.086 Thread 0x000001fd4848ca60 Thread added: 0x000001fd4848ca60
Event: 5.576 Thread 0x000001fd4886e7a0 Thread exited: 0x000001fd4886e7a0
Event: 5.863 Thread 0x000001fd4848d0f0 Thread added: 0x000001fd4848d0f0
Event: 5.894 Thread 0x000001fd63668f70 Thread added: 0x000001fd63668f70
Event: 5.895 Thread 0x000001fd484fa190 Thread added: 0x000001fd484fa190
Event: 6.087 Thread 0x000001fd484fa190 Thread exited: 0x000001fd484fa190
Event: 6.101 Thread 0x000001fd4848a300 Thread added: 0x000001fd4848a300
Event: 6.366 Thread 0x000001fd4848a990 Thread added: 0x000001fd4848a990
Event: 6.374 Thread 0x000001fd4858c6f0 Thread added: 0x000001fd4858c6f0
Event: 6.476 Thread 0x000001fd63668f70 Thread exited: 0x000001fd63668f70
Event: 6.500 Thread 0x000001fd4858daa0 Thread added: 0x000001fd4858daa0
Event: 6.527 Thread 0x000001fd48590200 Thread added: 0x000001fd48590200
Event: 6.548 Thread 0x000001fd4858f4e0 Thread added: 0x000001fd4858f4e0
Event: 6.554 Thread 0x000001fd4858d410 Thread added: 0x000001fd4858d410
Event: 6.559 Thread 0x000001fd4858e130 Thread added: 0x000001fd4858e130
Event: 7.624 Thread 0x000001fd4858e7c0 Thread added: 0x000001fd4858e7c0
Event: 7.644 Thread 0x000001fd4858fb70 Thread added: 0x000001fd4858fb70
Event: 7.771 Thread 0x000001fd4858cd80 Thread added: 0x000001fd4858cd80
Event: 8.015 Thread 0x000001fd63a8a300 Thread added: 0x000001fd63a8a300
Event: 8.207 Thread 0x000001fd6512d1c0 Thread added: 0x000001fd6512d1c0


Dynamic libraries:
0x00007ff642240000 - 0x00007ff64224e000 	C:\Users\jy829\.jdks\openjdk-21.0.1\bin\java.exe
0x00007ffdc62c0000 - 0x00007ffdc6528000 	C:\WINDOWS\SYSTEM32\ntdll.dll
0x00007ffdc4da0000 - 0x00007ffdc4e69000 	C:\WINDOWS\System32\KERNEL32.DLL
0x00007ffdc3a50000 - 0x00007ffdc3e48000 	C:\WINDOWS\System32\KERNELBASE.dll
0x00007ffdc3f10000 - 0x00007ffdc405b000 	C:\WINDOWS\System32\ucrtbase.dll
0x00007ffdaa710000 - 0x00007ffdaa728000 	C:\Users\jy829\.jdks\openjdk-21.0.1\bin\jli.dll
0x00007ffdaa7f0000 - 0x00007ffdaa80b000 	C:\Users\jy829\.jdks\openjdk-21.0.1\bin\VCRUNTIME140.dll
0x00007ffdc4f40000 - 0x00007ffdc5107000 	C:\WINDOWS\System32\USER32.dll
0x00007ffdc3780000 - 0x00007ffdc37a7000 	C:\WINDOWS\System32\win32u.dll
0x00007ffdc6240000 - 0x00007ffdc626b000 	C:\WINDOWS\System32\GDI32.dll
0x00007ffdc37b0000 - 0x00007ffdc38dc000 	C:\WINDOWS\System32\gdi32full.dll
0x00007ffda68e0000 - 0x00007ffda6b74000 	C:\WINDOWS\WinSxS\amd64_microsoft.windows.common-controls_6595b64144ccf1df_6.0.26100.7019_none_3e06ffa0e335b8a8\COMCTL32.dll
0x00007ffdc36d0000 - 0x00007ffdc3773000 	C:\WINDOWS\System32\msvcp_win.dll
0x00007ffdc4060000 - 0x00007ffdc4109000 	C:\WINDOWS\System32\msvcrt.dll
0x00007ffdc4e70000 - 0x00007ffdc4ea1000 	C:\WINDOWS\System32\IMM32.DLL
0x00007ffdb4150000 - 0x00007ffdb415c000 	C:\Users\jy829\.jdks\openjdk-21.0.1\bin\vcruntime140_1.dll
0x00007ffda8c10000 - 0x00007ffda8c9e000 	C:\Users\jy829\.jdks\openjdk-21.0.1\bin\msvcp140.dll
0x00007ffcfd600000 - 0x00007ffcfe315000 	C:\Users\jy829\.jdks\openjdk-21.0.1\bin\server\jvm.dll
0x00007ffdc4c00000 - 0x00007ffdc4cb4000 	C:\WINDOWS\System32\ADVAPI32.dll
0x00007ffdc4a70000 - 0x00007ffdc4b16000 	C:\WINDOWS\System32\sechost.dll
0x00007ffdc6060000 - 0x00007ffdc6178000 	C:\WINDOWS\System32\RPCRT4.dll
0x00007ffdc4d10000 - 0x00007ffdc4d84000 	C:\WINDOWS\System32\WS2_32.dll
0x00007ffdc2030000 - 0x00007ffdc208e000 	C:\WINDOWS\SYSTEM32\POWRPROF.dll
0x00007ffdb0170000 - 0x00007ffdb017b000 	C:\WINDOWS\SYSTEM32\VERSION.dll
0x00007ffdba6e0000 - 0x00007ffdba715000 	C:\WINDOWS\SYSTEM32\WINMM.dll
0x00007ffdc2010000 - 0x00007ffdc2024000 	C:\WINDOWS\SYSTEM32\UMPDC.dll
0x00007ffdc22f0000 - 0x00007ffdc230b000 	C:\WINDOWS\SYSTEM32\kernel.appcore.dll
0x00007ffdaf790000 - 0x00007ffdaf79a000 	C:\Users\jy829\.jdks\openjdk-21.0.1\bin\jimage.dll
0x00007ffdbe1a0000 - 0x00007ffdbe3e2000 	C:\WINDOWS\SYSTEM32\DBGHELP.DLL
0x00007ffdc5110000 - 0x00007ffdc549b000 	C:\WINDOWS\System32\combase.dll
0x00007ffdc4b20000 - 0x00007ffdc4bf7000 	C:\WINDOWS\System32\OLEAUT32.dll
0x00007ffda4e30000 - 0x00007ffda4e6c000 	C:\WINDOWS\SYSTEM32\dbgcore.DLL
0x00007ffdc3620000 - 0x00007ffdc36c5000 	C:\WINDOWS\System32\bcryptPrimitives.dll
0x00007ffdaf2f0000 - 0x00007ffdaf2ff000 	C:\Users\jy829\.jdks\openjdk-21.0.1\bin\instrument.dll
0x00007ffdaa660000 - 0x00007ffdaa67f000 	C:\Users\jy829\.jdks\openjdk-21.0.1\bin\java.dll
0x00007ffdc41a0000 - 0x00007ffdc48ef000 	C:\WINDOWS\System32\SHELL32.dll
0x00007ffdc38e0000 - 0x00007ffdc3a4b000 	C:\WINDOWS\System32\wintypes.dll
0x00007ffdc1030000 - 0x00007ffdc188d000 	C:\WINDOWS\SYSTEM32\windows.storage.dll
0x00007ffdc54a0000 - 0x00007ffdc5592000 	C:\WINDOWS\System32\SHCORE.dll
0x00007ffdc4eb0000 - 0x00007ffdc4f17000 	C:\WINDOWS\System32\shlwapi.dll
0x00007ffdc3330000 - 0x00007ffdc3359000 	C:\WINDOWS\SYSTEM32\profapi.dll
0x00007ffd620b0000 - 0x00007ffd62187000 	C:\Users\jy829\.jdks\openjdk-21.0.1\bin\jsvml.dll
0x00007ffda94a0000 - 0x00007ffda94b8000 	C:\Users\jy829\.jdks\openjdk-21.0.1\bin\zip.dll
0x00007ffdaa8f0000 - 0x00007ffdaa900000 	C:\Users\jy829\.jdks\openjdk-21.0.1\bin\net.dll
0x00007ffdb4680000 - 0x00007ffdb47a8000 	C:\WINDOWS\SYSTEM32\WINHTTP.dll
0x00007ffdc2860000 - 0x00007ffdc28cb000 	C:\WINDOWS\system32\mswsock.dll
0x00007ffda8bd0000 - 0x00007ffda8be6000 	C:\Users\jy829\.jdks\openjdk-21.0.1\bin\nio.dll
0x00007ffda8e80000 - 0x00007ffda8e90000 	C:\Users\jy829\.jdks\openjdk-21.0.1\bin\verify.dll
0x00007ffdaa5f0000 - 0x00007ffdaa617000 	C:\Users\jy829\.gradle\native\1def1411415f61bf3af743bc5b6707747c0891f09f0c88961ee8f79bc544acac\windows-amd64\native-platform.dll
0x00007ffd79e80000 - 0x00007ffd79ef8000 	C:\Users\jy829\.gradle\native\0.2.7\x86_64-windows-gnu\gradle-fileevents.dll
0x00007ffda8c00000 - 0x00007ffda8c0a000 	C:\Users\jy829\.jdks\openjdk-21.0.1\bin\management.dll
0x00007ffda8a20000 - 0x00007ffda8a2b000 	C:\Users\jy829\.jdks\openjdk-21.0.1\bin\management_ext.dll
0x00007ffdc4d90000 - 0x00007ffdc4d98000 	C:\WINDOWS\System32\PSAPI.DLL
0x00007ffdc1d80000 - 0x00007ffdc1db4000 	C:\WINDOWS\SYSTEM32\IPHLPAPI.DLL
0x00007ffdc6270000 - 0x00007ffdc627a000 	C:\WINDOWS\System32\NSI.dll
0x00007ffda8a10000 - 0x00007ffda8a17000 	C:\Users\jy829\.jdks\openjdk-21.0.1\bin\extnet.dll
0x00007ffdc2b20000 - 0x00007ffdc2b3b000 	C:\WINDOWS\SYSTEM32\CRYPTSP.dll
0x00007ffdc2250000 - 0x00007ffdc228a000 	C:\WINDOWS\system32\rsaenh.dll
0x00007ffdc2910000 - 0x00007ffdc293b000 	C:\WINDOWS\SYSTEM32\USERENV.dll
0x00007ffdc3300000 - 0x00007ffdc332a000 	C:\WINDOWS\SYSTEM32\bcrypt.dll
0x00007ffdc2b40000 - 0x00007ffdc2b4c000 	C:\WINDOWS\SYSTEM32\CRYPTBASE.dll
0x00007ffda8a00000 - 0x00007ffda8a0e000 	C:\Users\jy829\.jdks\openjdk-21.0.1\bin\sunmscapi.dll
0x00007ffdc34a0000 - 0x00007ffdc3617000 	C:\WINDOWS\System32\CRYPT32.dll
0x00007ffdc2d40000 - 0x00007ffdc2d70000 	C:\WINDOWS\SYSTEM32\ncrypt.dll
0x00007ffdc2cf0000 - 0x00007ffdc2d2f000 	C:\WINDOWS\SYSTEM32\NTASN1.dll
0x00007ffd949a0000 - 0x00007ffd949a8000 	C:\WINDOWS\system32\wshunix.dll

dbghelp: loaded successfully - version: 4.0.5 - missing functions: none
symbol engine: initialized successfully - sym options: 0x614 - pdb path: .;C:\Users\jy829\.jdks\openjdk-21.0.1\bin;C:\WINDOWS\SYSTEM32;C:\WINDOWS\WinSxS\amd64_microsoft.windows.common-controls_6595b64144ccf1df_6.0.26100.7019_none_3e06ffa0e335b8a8;C:\Users\jy829\.jdks\openjdk-21.0.1\bin\server;C:\Users\jy829\.gradle\native\1def1411415f61bf3af743bc5b6707747c0891f09f0c88961ee8f79bc544acac\windows-amd64;C:\Users\jy829\.gradle\native\0.2.7\x86_64-windows-gnu

VM Arguments:
jvm_args: --add-opens=java.base/java.lang=ALL-UNNAMED --add-opens=java.base/java.lang.invoke=ALL-UNNAMED --add-opens=java.base/java.util=ALL-UNNAMED --add-opens=java.prefs/java.util.prefs=ALL-UNNAMED --add-exports=jdk.compiler/com.sun.tools.javac.api=ALL-UNNAMED --add-exports=jdk.compiler/com.sun.tools.javac.util=ALL-UNNAMED --add-opens=java.base/java.util=ALL-UNNAMED --add-opens=java.prefs/java.util.prefs=ALL-UNNAMED --add-opens=java.base/java.nio.charset=ALL-UNNAMED --add-opens=java.base/java.net=ALL-UNNAMED --add-opens=java.base/java.util.concurrent.atomic=ALL-UNNAMED --add-opens=java.xml/javax.xml.namespace=ALL-UNNAMED -XX:MaxMetaspaceSize=384m -XX:+HeapDumpOnOutOfMemoryError -Xms256m -Xmx512m -Dfile.encoding=UTF-8 -Duser.country=KR -Duser.language=ko -Duser.variant -javaagent:C:\Users\jy829\.gradle\wrapper\dists\gradle-8.14.3-bin\cv11ve7ro1n3o1j4so8xd9n66\gradle-8.14.3\lib\agents\gradle-instrumentation-agent-8.14.3.jar 
java_command: org.gradle.launcher.daemon.bootstrap.GradleDaemon 8.14.3
java_class_path (initial): C:\Users\jy829\.gradle\wrapper\dists\gradle-8.14.3-bin\cv11ve7ro1n3o1j4so8xd9n66\gradle-8.14.3\lib\gradle-daemon-main-8.14.3.jar
Launcher Type: SUN_STANDARD

[Global flags]
     intx CICompilerCount                          = 12                                        {product} {ergonomic}
   size_t CompressedClassSpaceSize                 = 335544320                                 {product} {ergonomic}
     uint ConcGCThreads                            = 3                                         {product} {ergonomic}
     uint G1ConcRefinementThreads                  = 13                                        {product} {ergonomic}
   size_t G1HeapRegionSize                         = 1048576                                   {product} {ergonomic}
    uintx GCDrainStackTargetSize                   = 64                                        {product} {ergonomic}
     bool HeapDumpOnOutOfMemoryError               = true                                   {manageable} {command line}
   size_t InitialHeapSize                          = 268435456                                 {product} {command line}
   size_t MarkStackSize                            = 4194304                                   {product} {ergonomic}
   size_t MaxHeapSize                              = 536870912                                 {product} {command line}
   size_t MaxMetaspaceSize                         = 402653184                                 {product} {command line}
   size_t MaxNewSize                               = 321912832                                 {product} {ergonomic}
   size_t MinHeapDeltaBytes                        = 1048576                                   {product} {ergonomic}
   size_t MinHeapSize                              = 268435456                                 {product} {command line}
    uintx NonNMethodCodeHeapSize                   = 7602480                                {pd product} {ergonomic}
    uintx NonProfiledCodeHeapSize                  = 122027880                              {pd product} {ergonomic}
    uintx ProfiledCodeHeapSize                     = 122027880                              {pd product} {ergonomic}
    uintx ReservedCodeCacheSize                    = 251658240                              {pd product} {ergonomic}
     bool SegmentedCodeCache                       = true                                      {product} {ergonomic}
   size_t SoftMaxHeapSize                          = 536870912                              {manageable} {ergonomic}
     bool UseCompressedOops                        = true                           {product lp64_product} {ergonomic}
     bool UseG1GC                                  = true                                      {product} {ergonomic}
     bool UseLargePagesIndividualAllocation        = false                                  {pd product} {ergonomic}

Logging:
Log output configuration:
 #0: stdout all=warning uptime,level,tags foldmultilines=false
 #1: stderr all=off uptime,level,tags foldmultilines=false

Environment Variables:
JAVA_HOME=C:\Program Files\Java\jdk-17
PATH=C:\Program Files\Java\jdk-17\bin;C:\WINDOWS\system32;C:\WINDOWS;C:\WINDOWS\System32\Wbem;C:\WINDOWS\System32\WindowsPowerShell\v1.0\;C:\WINDOWS\System32\OpenSSH\;C:\Program Files\dotnet\;C:\ProgramData\chocolatey\bin;C:\Program Files\MySQL\MySQL Server 8.0\bin;C:\Users\jy829\AppData\Local\Programs\Python\Python311\Scripts;C:\openssl-0.9.8k_X64\bin;C:\Program Files\Git\cmd;C:\Users\jy829\AppData\Roaming\nvm;C:\Program Files\nodejs;;C:\Program Files\Docker\Docker\resources\bin;C:\Users\jy829\AppData\Local\Programs\Python\Python311\Scripts\;C:\Users\jy829\AppData\Local\Programs\Python\Python311\;C:\Users\jy829\AppData\Local\Microsoft\WindowsApps;C:\Users\jy829\AppData\Local\Programs\Microsoft VS Code\bin;C:\Users\jy829\AppData\Local\GitHubDesktop\bin;C:\Users\jy829\AppData\Local\Programs\mongosh\;C:\Users\jy829\AppData\Local\afreeca;C:\Users\jy829\AppData\Roaming\nvm;C:\Program Files\nodejs;C:\Program Files\JetBrains\IntelliJ IDEA 2024.3.1.1\bin;C:\Users\jy829\AppData\Local\JetBrains\Toolbox\scripts;
USERNAME=jy829
OS=Windows_NT
PROCESSOR_IDENTIFIER=Intel64 Family 6 Model 154 Stepping 3, GenuineIntel
TMP=C:\Users\jy829\AppData\Local\Temp
TEMP=C:\Users\jy829\AppData\Local\Temp




Periodic native trim disabled

---------------  S Y S T E M  ---------------

OS:
 Windows 11 , 64 bit Build 26100 (10.0.26100.7019)
OS uptime: 2 days 4:30 hours
Hyper-V role detected

CPU: total 16 (initial active 16) (8 cores per cpu, 2 threads per core) family 6 model 154 stepping 3 microcode 0x423, cx8, cmov, fxsr, ht, mmx, 3dnowpref, sse, sse2, sse3, ssse3, sse4.1, sse4.2, popcnt, lzcnt, tsc, tscinvbit, avx, avx2, aes, erms, clmul, bmi1, bmi2, adx, sha, fma, vzeroupper, clflush, clflushopt, clwb, hv, serialize, rdtscp, rdpid, fsrm, f16c, cet_ibt, cet_ss
Processor Information for processor 0
  Max Mhz: 2100, Current Mhz: 2100, Mhz Limit: 2100
Processor Information for processor 1
  Max Mhz: 2100, Current Mhz: 2100, Mhz Limit: 2100
Processor Information for processor 2
  Max Mhz: 2100, Current Mhz: 2100, Mhz Limit: 2100
Processor Information for processor 3
  Max Mhz: 2100, Current Mhz: 2100, Mhz Limit: 2100
Processor Information for processor 4
  Max Mhz: 2100, Current Mhz: 2100, Mhz Limit: 2100
Processor Information for processor 5
  Max Mhz: 2100, Current Mhz: 2100, Mhz Limit: 2100
Processor Information for processor 6
  Max Mhz: 2100, Current Mhz: 2100, Mhz Limit: 2100
Processor Information for processor 7
  Max Mhz: 2100, Current Mhz: 2100, Mhz Limit: 2100
Processor Information for processor 8
  Max Mhz: 2100, Current Mhz: 1500, Mhz Limit: 1491
Processor Information for processor 9
  Max Mhz: 2100, Current Mhz: 1500, Mhz Limit: 1491
Processor Information for processor 10
  Max Mhz: 2100, Current Mhz: 1500, Mhz Limit: 1491
Processor Information for processor 11
  Max Mhz: 2100, Current Mhz: 1500, Mhz Limit: 1491
Processor Information for processor 12
  Max Mhz: 2100, Current Mhz: 1500, Mhz Limit: 1491
Processor Information for processor 13
  Max Mhz: 2100, Current Mhz: 1500, Mhz Limit: 1491
Processor Information for processor 14
  Max Mhz: 2100, Current Mhz: 1500, Mhz Limit: 1491
Processor Information for processor 15
  Max Mhz: 2100, Current Mhz: 1500, Mhz Limit: 1491

Memory: 4k page, system-wide physical 16010M (503M free)
TotalPageFile size 34396M (AvailPageFile size 10M)
current process WorkingSet (physical memory assigned to process): 257M, peak: 257M
current process commit charge ("private bytes"): 459M, peak: 461M

vm_info: OpenJDK 64-Bit Server VM (21.0.1+12-29) for windows-amd64 JRE (21.0.1+12-29), built on 2023-10-05T13:27:09Z by "mach5one" with MS VC++ 17.1 (VS2022)

END.
